Component: Arm Compiler for Embedded 6.19 Tool: armlink [5e73cb00]

==============================================================================

Section Cross References

    startup_stm32f407xx.o(STACK) refers (Special) to heapauxi.o(.text) for __use_two_region_memory
    startup_stm32f407xx.o(HEAP) refers (Special) to heapauxi.o(.text) for __use_two_region_memory
    startup_stm32f407xx.o(RESET) refers (Special) to heapauxi.o(.text) for __use_two_region_memory
    startup_stm32f407xx.o(RESET) refers to startup_stm32f407xx.o(STACK) for __initial_sp
    startup_stm32f407xx.o(RESET) refers to startup_stm32f407xx.o(.text) for Reset_Handler
    startup_stm32f407xx.o(RESET) refers to stm32f4xx_it.o(.text.NMI_Handler) for NMI_Handler
    startup_stm32f407xx.o(RESET) refers to stm32f4xx_it.o(.text.HardFault_Handler) for HardFault_Handler
    startup_stm32f407xx.o(RESET) refers to stm32f4xx_it.o(.text.MemManage_Handler) for MemManage_Handler
    startup_stm32f407xx.o(RESET) refers to stm32f4xx_it.o(.text.BusFault_Handler) for BusFault_Handler
    startup_stm32f407xx.o(RESET) refers to stm32f4xx_it.o(.text.UsageFault_Handler) for UsageFault_Handler
    startup_stm32f407xx.o(RESET) refers to stm32f4xx_it.o(.text.SVC_Handler) for SVC_Handler
    startup_stm32f407xx.o(RESET) refers to stm32f4xx_it.o(.text.DebugMon_Handler) for DebugMon_Handler
    startup_stm32f407xx.o(RESET) refers to stm32f4xx_it.o(.text.PendSV_Handler) for PendSV_Handler
    startup_stm32f407xx.o(RESET) refers to stm32f4xx_it.o(.text.SysTick_Handler) for SysTick_Handler
    startup_stm32f407xx.o(RESET) refers to stm32f4xx_it.o(.text.TIM1_CC_IRQHandler) for TIM1_CC_IRQHandler
    startup_stm32f407xx.o(.text) refers (Special) to heapauxi.o(.text) for __use_two_region_memory
    startup_stm32f407xx.o(.text) refers to system_stm32f4xx.o(.text.SystemInit) for SystemInit
    startup_stm32f407xx.o(.text) refers to __main.o(!!!main) for __main
    startup_stm32f407xx.o(.text) refers to startup_stm32f407xx.o(HEAP) for Heap_Mem
    startup_stm32f407xx.o(.text) refers to startup_stm32f407xx.o(STACK) for Stack_Mem
    i2c-lcd_1.o(.text.lcd_send_cmd) refers to i2c.o(.bss.hi2c1) for hi2c1
    i2c-lcd_1.o(.text.lcd_send_cmd) refers to stm32f4xx_hal_i2c.o(.text.HAL_I2C_Master_Transmit) for HAL_I2C_Master_Transmit
    i2c-lcd_1.o(.ARM.exidx.text.lcd_send_cmd) refers to i2c-lcd_1.o(.text.lcd_send_cmd) for [Anonymous Symbol]
    i2c-lcd_1.o(.text.lcd_send_data) refers to i2c.o(.bss.hi2c1) for hi2c1
    i2c-lcd_1.o(.text.lcd_send_data) refers to stm32f4xx_hal_i2c.o(.text.HAL_I2C_Master_Transmit) for HAL_I2C_Master_Transmit
    i2c-lcd_1.o(.ARM.exidx.text.lcd_send_data) refers to i2c-lcd_1.o(.text.lcd_send_data) for [Anonymous Symbol]
    i2c-lcd_1.o(.text.lcd_clear) refers to i2c.o(.bss.hi2c1) for hi2c1
    i2c-lcd_1.o(.text.lcd_clear) refers to stm32f4xx_hal_i2c.o(.text.HAL_I2C_Master_Transmit) for HAL_I2C_Master_Transmit
    i2c-lcd_1.o(.ARM.exidx.text.lcd_clear) refers to i2c-lcd_1.o(.text.lcd_clear) for [Anonymous Symbol]
    i2c-lcd_1.o(.text.lcd_put_cur) refers to i2c.o(.bss.hi2c1) for hi2c1
    i2c-lcd_1.o(.text.lcd_put_cur) refers to stm32f4xx_hal_i2c.o(.text.HAL_I2C_Master_Transmit) for HAL_I2C_Master_Transmit
    i2c-lcd_1.o(.ARM.exidx.text.lcd_put_cur) refers to i2c-lcd_1.o(.text.lcd_put_cur) for [Anonymous Symbol]
    i2c-lcd_1.o(.text.lcd_init) refers to stm32f4xx_hal.o(.text.HAL_Delay) for HAL_Delay
    i2c-lcd_1.o(.text.lcd_init) refers to i2c.o(.bss.hi2c1) for hi2c1
    i2c-lcd_1.o(.text.lcd_init) refers to stm32f4xx_hal_i2c.o(.text.HAL_I2C_Master_Transmit) for HAL_I2C_Master_Transmit
    i2c-lcd_1.o(.ARM.exidx.text.lcd_init) refers to i2c-lcd_1.o(.text.lcd_init) for [Anonymous Symbol]
    i2c-lcd_1.o(.text.lcd_send_string) refers to i2c.o(.bss.hi2c1) for hi2c1
    i2c-lcd_1.o(.text.lcd_send_string) refers to stm32f4xx_hal_i2c.o(.text.HAL_I2C_Master_Transmit) for HAL_I2C_Master_Transmit
    i2c-lcd_1.o(.ARM.exidx.text.lcd_send_string) refers to i2c-lcd_1.o(.text.lcd_send_string) for [Anonymous Symbol]
    main.o(.text) refers (Special) to _printf_percent.o(.ARM.Collect$$_printf_percent$$00000000) for _printf_percent
    main.o(.text) refers (Special) to _printf_d.o(.ARM.Collect$$_printf_percent$$00000009) for _printf_d
    main.o(.text) refers (Special) to _printf_dec.o(.text) for _printf_int_dec
    main.o(.text.fputc) refers (Special) to _printf_percent.o(.ARM.Collect$$_printf_percent$$00000000) for _printf_percent
    main.o(.text.fputc) refers (Special) to _printf_d.o(.ARM.Collect$$_printf_percent$$00000009) for _printf_d
    main.o(.text.fputc) refers (Special) to _printf_dec.o(.text) for _printf_int_dec
    main.o(.text.fputc) refers to usart.o(.bss.huart2) for huart2
    main.o(.text.fputc) refers to stm32f4xx_hal_uart.o(.text.HAL_UART_Transmit) for HAL_UART_Transmit
    main.o(.ARM.exidx.text.fputc) refers (Special) to _printf_percent.o(.ARM.Collect$$_printf_percent$$00000000) for _printf_percent
[...]
    ../clib/signal.c                         0x00000000   Number         0  defsig_rtmem_inner.o ABSOLUTE
    ../clib/signal.c                         0x00000000   Number         0  defsig_abrt_inner.o ABSOLUTE
    ../clib/signal.c                         0x00000000   Number         0  defsig_stak_inner.o ABSOLUTE
    ../clib/signal.c                         0x00000000   Number         0  defsig_pvfn_inner.o ABSOLUTE
    ../clib/signal.c                         0x00000000   Number         0  defsig_cppl_inner.o ABSOLUTE
    ../clib/signal.c                         0x00000000   Number         0  defsig_segv_inner.o ABSOLUTE
    ../clib/signal.c                         0x00000000   Number         0  defsig_other.o ABSOLUTE
    ../clib/signal.s                         0x00000000   Number         0  defsig.o ABSOLUTE
    ../clib/stdio.c                          0x00000000   Number         0  stdio_streams.o ABSOLUTE
    ../clib/stdio.c                          0x00000000   Number         0  ferror.o ABSOLUTE
    ../clib/stdio.c                          0x00000000   Number         0  initio.o ABSOLUTE
    ../clib/stdio.c                          0x00000000   Number         0  ferror_locked.o ABSOLUTE
    ../clib/stdio.c                          0x00000000   Number         0  initio_locked.o ABSOLUTE
    ../clib/stdio.c                          0x00000000   Number         0  setvbuf.o ABSOLUTE
    ../clib/stdio.c                          0x00000000   Number         0  streamlock.o ABSOLUTE
    ../clib/stdio.c                          0x00000000   Number         0  fopen.o ABSOLUTE
    ../clib/stdio.c                          0x00000000   Number         0  fclose.o ABSOLUTE
    ../clib/stdio.c                          0x00000000   Number         0  setvbuf_locked.o ABSOLUTE
    ../clib/stdio.c                          0x00000000   Number         0  fopen_locked.o ABSOLUTE
    ../clib/stdio.c                          0x00000000   Number         0  fseek.o ABSOLUTE
    ../clib/stdio.c                          0x00000000   Number         0  stdio.o ABSOLUTE
    ../clib/stdio.c                          0x00000000   Number         0  ftell.o ABSOLUTE
    ../clib/stdlib.c                         0x00000000   Number         0  exit.o ABSOLUTE
    ../fplib/fpinit.s                        0x00000000   Number         0  fpinit.o ABSOLUTE
    dc.s                                     0x00000000   Number         0  dc.o ABSOLUTE
    gpio.c                                   0x00000000   Number         0  gpio.o ABSOLUTE
    i2c-lcd.c                                0x00000000   Number         0  i2c-lcd_1.o ABSOLUTE
    i2c.c                                    0x00000000   Number         0  i2c.o ABSOLUTE
    main.c                                   0x00000000   Number         0  main.o ABSOLUTE
    retarget_io.c                            0x00000000   Number         0  retarget_io.o ABSOLUTE
    startup_stm32f407xx.s                    0x00000000   Number         0  startup_stm32f407xx.o ABSOLUTE
    stm32f4xx_hal.c                          0x00000000   Number         0  stm32f4xx_hal.o ABSOLUTE
    stm32f4xx_hal_cortex.c                   0x00000000   Number         0  stm32f4xx_hal_cortex.o ABSOLUTE
    stm32f4xx_hal_dma.c                      0x00000000   Number         0  stm32f4xx_hal_dma.o ABSOLUTE
    stm32f4xx_hal_dma_ex.c                   0x00000000   Number         0  stm32f4xx_hal_dma_ex.o ABSOLUTE
    stm32f4xx_hal_exti.c                     0x00000000   Number         0  stm32f4xx_hal_exti.o ABSOLUTE
    stm32f4xx_hal_flash.c                    0x00000000   Number         0  stm32f4xx_hal_flash.o ABSOLUTE
    stm32f4xx_hal_flash_ex.c                 0x00000000   Number         0  stm32f4xx_hal_flash_ex.o ABSOLUTE
    stm32f4xx_hal_flash_ramfunc.c            0x00000000   Number         0  stm32f4xx_hal_flash_ramfunc.o ABSOLUTE
    stm32f4xx_hal_gpio.c                     0x00000000   Number         0  stm32f4xx_hal_gpio.o ABSOLUTE
    stm32f4xx_hal_i2c.c                      0x00000000   Number         0  stm32f4xx_hal_i2c.o ABSOLUTE
    stm32f4xx_hal_i2c_ex.c                   0x00000000   Number         0  stm32f4xx_hal_i2c_ex.o ABSOLUTE
    stm32f4xx_hal_msp.c                      0x00000000   Number         0  stm32f4xx_hal_msp.o ABSOLUTE
    stm32f4xx_hal_pwr.c                      0x00000000   Number         0  stm32f4xx_hal_pwr.o ABSOLUTE
    stm32f4xx_hal_pwr_ex.c                   0x00000000   Number         0  stm32f4xx_hal_pwr_ex.o ABSOLUTE
    stm32f4xx_hal_rcc.c                      0x00000000   Number         0  stm32f4xx_hal_rcc.o ABSOLUTE
    stm32f4xx_hal_rcc_ex.c                   0x00000000   Number         0  stm32f4xx_hal_rcc_ex.o ABSOLUTE
    stm32f4xx_hal_tim.c                      0x00000000   Number         0  stm32f4xx_hal_tim.o ABSOLUTE
    stm32f4xx_hal_tim_ex.c                   0x00000000   Number         0  stm32f4xx_hal_tim_ex.o ABSOLUTE
    stm32f4xx_hal_uart.c                     0x00000000   Number         0  stm32f4xx_hal_uart.o ABSOLUTE
    stm32f4xx_it.c                           0x00000000   Number         0  stm32f4xx_it.o ABSOLUTE
    system_stm32f4xx.c                       0x00000000   Number         0  system_stm32f4xx.o ABSOLUTE
    tim.c                                    0x00000000   Number         0  tim.o ABSOLUTE
    usart.c                                  0x00000000   Number         0  usart.o ABSOLUTE
    RESET                                    0x08000000   Section      392  startup_stm32f407xx.o(RESET)
    !!!main                                  0x08000188   Section        8  __main.o(!!!main)
    !!!scatter                               0x08000190   Section       52  __scatter.o(!!!scatter)
    !!handler_copy                           0x080001c4   Section       26  __scatter_copy.o(!!handler_copy)
    !!handler_zi                             0x080001e0   Section       28  __scatter_zi.o(!!handler_zi)
    .ARM.Collect$$_printf_percent$$00000000  0x080001fc   Section        0  _printf_percent.o(.ARM.Collect$$_printf_percent$$00000000)
    .ARM.Collect$$_printf_percent$$00000009  0x080001fc   Section        6  _printf_d.o(.ARM.Collect$$_printf_percent$$00000009)
    .ARM.Collect$$_printf_percent$$00000017  0x08000202   Section        4  _printf_percent_end.o(.ARM.Collect$$_printf_percent$$00000017)
    .ARM.Collect$$libinit$$00000000          0x08000206   Section        2  libinit.o(.ARM.Collect$$libinit$$00000000)
    .ARM.Collect$$libinit$$00000001          0x08000208   Section        4  libinit2.o(.ARM.Collect$$libinit$$00000001)
    .ARM.Collect$$libinit$$00000004          0x0800020c   Section        0  libinit2.o(.ARM.Collect$$libinit$$00000004)
    .ARM.Collect$$libinit$$00000006          0x0800020c   Section        0  libinit2.o(.ARM.Collect$$libinit$$00000006)
    .ARM.Collect$$libinit$$00000007          0x0800020c   Section        8  libinit2.o(.ARM.Collect$$libinit$$00000007)
    .ARM.Collect$$libinit$$0000000C          0x08000214   Section        0  libinit2.o(.ARM.Collect$$libinit$$0000000C)
    .ARM.Collect$$libinit$$0000000E          0x08000214   Section        0  libinit2.o(.ARM.Collect$$libinit$$0000000E)
    .ARM.Collect$$libinit$$00000010          0x08000214   Section        0  libinit2.o(.ARM.Collect$$libinit$$00000010)
    .ARM.Collect$$libinit$$00000013          0x08000214   Section        0  libinit2.o(.ARM.Collect$$libinit$$00000013)
    .ARM.Collect$$libinit$$00000015          0x08000214   Section        0  libinit2.o(.ARM.Collect$$libinit$$00000015)
    .ARM.Collect$$libinit$$00000017          0x08000214   Section        0  libinit2.o(.ARM.Collect$$libinit$$00000017)
    .ARM.Collect$$libinit$$00000019          0x08000214   Section        0  libinit2.o(.ARM.Collect$$libinit$$00000019)
    .ARM.Collect$$libinit$$0000001B          0x08000214   Section        0  libinit2.o(.ARM.Collect$$libinit$$0000001B)
    .ARM.Collect$$libinit$$0000001D          0x08000214   Section        0  libinit2.o(.ARM.Collect$$libinit$$0000001D)
    .ARM.Collect$$libinit$$0000001F          0x08000214   Section        0  libinit2.o(.ARM.Collect$$libinit$$0000001F)
    .ARM.Collect$$libinit$$00000021          0x08000214   Section        0  libinit2.o(.ARM.Collect$$libinit$$00000021)
    .ARM.Collect$$libinit$$00000023          0x08000214   Section        0  libinit2.o(.ARM.Collect$$libinit$$00000023)
    .ARM.Collect$$libinit$$00000025          0x08000214   Section        0  libinit2.o(.ARM.Collect$$libinit$$00000025)
    .ARM.Collect$$libinit$$00000026          0x08000214   Section        4  libinit2.o(.ARM.Collect$$libinit$$00000026)
    .ARM.Collect$$libinit$$00000027          0x08000218   Section        0  libinit2.o(.ARM.Collect$$libinit$$00000027)
    .ARM.Collect$$libinit$$0000002E          0x08000218   Section        0  libinit2.o(.ARM.Collect$$libinit$$0000002E)
    .ARM.Collect$$libinit$$00000030          0x08000218   Section        0  libinit2.o(.ARM.Collect$$libinit$$00000030)
    .ARM.Collect$$libinit$$00000032          0x08000218   Section        0  libinit2.o(.ARM.Collect$$libinit$$00000032)
    .ARM.Collect$$libinit$$00000034          0x08000218   Section        0  libinit2.o(.ARM.Collect$$libinit$$00000034)
    .ARM.Collect$$libinit$$00000035          0x08000218   Section        2  libinit2.o(.ARM.Collect$$libinit$$00000035)
    .ARM.Collect$$libshutdown$$00000000      0x0800021a   Section        2  libshutdown.o(.ARM.Collect$$libshutdown$$00000000)
    .ARM.Collect$$libshutdown$$00000002      0x0800021c   Section        0  libshutdown2.o(.ARM.Collect$$libshutdown$$00000002)
    .ARM.Collect$$libshutdown$$00000003      0x0800021c   Section        4  libshutdown2.o(.ARM.Collect$$libshutdown$$00000003)
    .ARM.Collect$$libshutdown$$00000004      0x08000220   Section        0  libshutdown2.o(.ARM.Collect$$libshutdown$$00000004)
    .ARM.Collect$$libshutdown$$00000007      0x08000220   Section        0  libshutdown2.o(.ARM.Collect$$libshutdown$$00000007)
    .ARM.Collect$$libshutdown$$0000000A      0x08000220   Section        0  libshutdown2.o(.ARM.Collect$$libshutdown$$0000000A)
    .ARM.Collect$$libshutdown$$0000000C      0x08000220   Section        0  libshutdown2.o(.ARM.Collect$$libshutdown$$0000000C)
    .ARM.Collect$$libshutdown$$0000000F      0x08000220   Section        0  libshutdown2.o(.ARM.Collect$$libshutdown$$0000000F)
    .ARM.Collect$$libshutdown$$00000010      0x08000220   Section        2  libshutdown2.o(.ARM.Collect$$libshutdown$$00000010)
    .ARM.Collect$$rtentry$$00000000          0x08000222   Section        0  __rtentry.o(.ARM.Collect$$rtentry$$00000000)
    .ARM.Collect$$rtentry$$00000002          0x08000222   Section        0  __rtentry2.o(.ARM.Collect$$rtentry$$00000002)
    .ARM.Collect$$rtentry$$00000004          0x08000222   Section        6  __rtentry4.o(.ARM.Collect$$rtentry$$00000004)
    .ARM.Collect$$rtentry$$00000009          0x08000228   Section        0  __rtentry2.o(.ARM.Collect$$rtentry$$00000009)
    .ARM.Collect$$rtentry$$0000000A          0x08000228   Section        4  __rtentry2.o(.ARM.Collect$$rtentry$$0000000A)
    .ARM.Collect$$rtentry$$0000000C          0x0800022c   Section        0  __rtentry2.o(.ARM.Collect$$rtentry$$0000000C)
    .ARM.Collect$$rtentry$$0000000D          0x0800022c   Section        8  __rtentry2.o(.ARM.Collect$$rtentry$$0000000D)
    .ARM.Collect$$rtexit$$00000000           0x08000234   Section        2  rtexit.o(.ARM.Collect$$rtexit$$00000000)
    .ARM.Collect$$rtexit$$00000002           0x08000236   Section        0  rtexit2.o(.ARM.Collect$$rtexit$$00000002)
    .ARM.Collect$$rtexit$$00000003           0x08000236   Section        4  rtexit2.o(.ARM.Collect$$rtexit$$00000003)
    .ARM.Collect$$rtexit$$00000004           0x0800023a   Section        6  rtexit2.o(.ARM.Collect$$rtexit$$00000004)
    $v0                                      0x08000240   Number         0  startup_stm32f407xx.o(.text)
    .text                                    0x08000240   Section       64  startup_stm32f407xx.o(.text)
    .text                                    0x08000280   Section      240  lludivv7m.o(.text)
    .text                                    0x08000370   Section        0  noretval__2printf.o(.text)
    .text                                    0x08000388   Section        0  __printf.o(.text)
    .text                                    0x080003f0   Section        0  _printf_dec.o(.text)
    .text                                    0x08000468   Section      124  strcmpv7em.o(.text)
    .text                                    0x080004e4   Section        0  heapauxi.o(.text)
    .text                                    0x080004ea   Section        0  _printf_intcommon.o(.text)
    .text                                    0x0800059c   Section        0  _printf_char_file.o(.text)
    _printf_input_char                       0x080005c1   Thumb Code    10  _printf_char_common.o(.text)
    .text                                    0x080005c0   Section        0  _printf_char_common.o(.text)
    .text                                    0x080005f0   Section        0  ferror.o(.text)
    .text                                    0x080005f8   Section        0  initio.o(.text)
    .text                                    0x08000730   Section       74  sys_stackheap_outer.o(.text)
    .text                                    0x0800077a   Section        0  h1_free.o(.text)
    .text                                    0x080007c8   Section        0  setvbuf.o(.text)
    _freopen_locked                          0x08000811   Thumb Code     0  fopen.o(.text)
    .text                                    0x08000810   Section        0  fopen.o(.text)
    .text                                    0x08000900   Section        0  fclose.o(.text)
    .text                                    0x0800094c   Section        0  exit.o(.text)
    .text                                    0x0800095e   Section        0  defsig_rtred_outer.o(.text)
    .text                                    0x0800096c   Section       78  rt_memclr_w.o(.text)
    .text                                    0x080009bc   Section        8  libspace.o(.text)
    .text                                    0x080009c4   Section        8  rt_heap_descriptor_intlibspace.o(.text)
    .text                                    0x080009cc   Section        0  hguard.o(.text)
    .text                                    0x080009d0   Section        0  init_alloc.o(.text)
    .text                                    0x08000a5a   Section        0  h1_alloc.o(.text)
    .text                                    0x08000ab8   Section        0  fseek.o(.text)
    .text                                    0x08000bb0   Section        0  stdio.o(.text)
    .text                                    0x08000cb8   Section        0  defsig_exit.o(.text)
    .text                                    0x08000cc4   Section        0  defsig_rtred_inner.o(.text)
    .text                                    0x08000cf8   Section        0  sys_exit.o(.text)
    .text                                    0x08000d04   Section        0  maybetermalloc1.o(.text)
    .text                                    0x08000d04   Section        0  h1_init.o(.text)
    .text                                    0x08000d12   Section        0  h1_extend.o(.text)
    .text                                    0x08000d46   Section        0  ftell.o(.text)
    .text                                    0x08000d88   Section        0  defsig_general.o(.text)
    .text                                    0x08000dba   Section        0  defsig_rtmem_outer.o(.text)
    .text                                    0x08000dc8   Section        0  sys_wrch.o(.text)
    .text                                    0x08000dd6   Section        2  use_no_semi.o(.text)
    .text                                    0x08000dd8   Section        0  indicate_semi.o(.text)
    .text                                    0x08000dd8   Section        8  rt_errno_addr_intlibspace.o(.text)
    .text                                    0x08000de0   Section        0  defsig_rtmem_inner.o(.text)
    [Anonymous Symbol]                       0x08000e30   Section        0  stm32f4xx_it.o(.text.BusFault_Handler)
    [Anonymous Symbol]                       0x08000e34   Section        0  stm32f4xx_it.o(.text.DebugMon_Handler)
    [Anonymous Symbol]                       0x08000e38   Section        0  main.o(.text.Error_Handler)
    [Anonymous Symbol]                       0x08000e44   Section        0  stm32f4xx_hal.o(.text.HAL_Delay)
    [Anonymous Symbol]                       0x08000e6c   Section        0  stm32f4xx_hal_gpio.o(.text.HAL_GPIO_Init)
    [Anonymous Symbol]                       0x08001014   Section        0  stm32f4xx_hal_gpio.o(.text.HAL_GPIO_TogglePin)
    [Anonymous Symbol]                       0x08001024   Section        0  stm32f4xx_hal_gpio.o(.text.HAL_GPIO_WritePin)
    [Anonymous Symbol]                       0x08001030   Section        0  stm32f4xx_hal.o(.text.HAL_GetTick)
    [Anonymous Symbol]                       0x0800103c   Section        0  stm32f4xx_hal_i2c.o(.text.HAL_I2C_Init)
    [Anonymous Symbol]                       0x080011b4   Section        0  stm32f4xx_hal_i2c.o(.text.HAL_I2C_Master_Transmit)
    [Anonymous Symbol]                       0x0800162c   Section        0  i2c.o(.text.HAL_I2C_MspInit)
    [Anonymous Symbol]                       0x08001704   Section        0  stm32f4xx_hal.o(.text.HAL_IncTick)
    [Anonymous Symbol]                       0x08001720   Section        0  stm32f4xx_hal.o(.text.HAL_Init)
    [Anonymous Symbol]                       0x08001758   Section        0  stm32f4xx_hal.o(.text.HAL_InitTick)
    [Anonymous Symbol]                       0x080017a0   Section        0  stm32f4xx_hal_msp.o(.text.HAL_MspInit)
    [Anonymous Symbol]                       0x080017d8   Section        0  stm32f4xx_hal_cortex.o(.text.HAL_NVIC_EnableIRQ)
    [Anonymous Symbol]                       0x08001800   Section        0  stm32f4xx_hal_cortex.o(.text.HAL_NVIC_SetPriority)
    [Anonymous Symbol]                       0x08001858   Section        0  stm32f4xx_hal_cortex.o(.text.HAL_NVIC_SetPriorityGrouping)
    [Anonymous Symbol]                       0x08001878   Section        0  stm32f4xx_hal_rcc.o(.text.HAL_RCC_ClockConfig)
    [Anonymous Symbol]                       0x080019d8   Section        0  stm32f4xx_hal_rcc.o(.text.HAL_RCC_GetPCLK1Freq)
    [Anonymous Symbol]                       0x08001a00   Section        0  stm32f4xx_hal_rcc.o(.text.HAL_RCC_GetPCLK2Freq)
    [Anonymous Symbol]                       0x08001a28   Section        0  stm32f4xx_hal_rcc.o(.text.HAL_RCC_GetSysClockFreq)
    [Anonymous Symbol]                       0x08001a94   Section        0  stm32f4xx_hal_rcc.o(.text.HAL_RCC_OscConfig)
    [Anonymous Symbol]                       0x08001e08   Section        0  stm32f4xx_hal_cortex.o(.text.HAL_SYSTICK_Config)
    [Anonymous Symbol]                       0x08001e34   Section        0  stm32f4xx_hal_tim_ex.o(.text.HAL_TIMEx_BreakCallback)
    [Anonymous Symbol]                       0x08001e38   Section        0  stm32f4xx_hal_tim_ex.o(.text.HAL_TIMEx_CommutCallback)
    [Anonymous Symbol]                       0x08001e3c   Section        0  stm32f4xx_hal_tim_ex.o(.text.HAL_TIMEx_ConfigBreakDeadTime)
    [Anonymous Symbol]                       0x08001e88   Section        0  stm32f4xx_hal_tim_ex.o(.text.HAL_TIMEx_MasterConfigSynchronization)
    [Anonymous Symbol]                       0x08001f40   Section        0  stm32f4xx_hal_tim.o(.text.HAL_TIM_Base_Init)
    [Anonymous Symbol]                       0x08001f9c   Section        0  tim.o(.text.HAL_TIM_Base_MspInit)
    [Anonymous Symbol]                       0x08001fe4   Section        0  stm32f4xx_hal_tim.o(.text.HAL_TIM_ConfigClockSource)
    [Anonymous Symbol]                       0x08002180   Section        0  stm32f4xx_hal_tim.o(.text.HAL_TIM_IC_CaptureCallback)
    [Anonymous Symbol]                       0x08002184   Section        0  stm32f4xx_hal_tim.o(.text.HAL_TIM_IRQHandler)
    [Anonymous Symbol]                       0x080022f4   Section        0  stm32f4xx_hal_tim.o(.text.HAL_TIM_OC_ConfigChannel)
    [Anonymous Symbol]                       0x080024a8   Section        0  main.o(.text.HAL_TIM_OC_DelayElapsedCallback)
    [Anonymous Symbol]                       0x08002530   Section        0  stm32f4xx_hal_tim.o(.text.HAL_TIM_OC_Init)
    [Anonymous Symbol]                       0x0800258c   Section        0  stm32f4xx_hal_tim.o(.text.HAL_TIM_OC_MspInit)
    [Anonymous Symbol]                       0x08002590   Section        0  stm32f4xx_hal_tim.o(.text.HAL_TIM_OC_Start_IT)
    [Anonymous Symbol]                       0x080026e8   Section        0  stm32f4xx_hal_tim.o(.text.HAL_TIM_PWM_PulseFinishedCallback)
    [Anonymous Symbol]                       0x080026ec   Section        0  stm32f4xx_hal_tim.o(.text.HAL_TIM_PeriodElapsedCallback)
    [Anonymous Symbol]                       0x080026f0   Section        0  stm32f4xx_hal_tim.o(.text.HAL_TIM_TriggerCallback)
    [Anonymous Symbol]                       0x080026f4   Section        0  stm32f4xx_hal_uart.o(.text.HAL_UART_Init)
    [Anonymous Symbol]                       0x08002754   Section        0  usart.o(.text.HAL_UART_MspInit)
    [Anonymous Symbol]                       0x080027c0   Section        0  stm32f4xx_hal_uart.o(.text.HAL_UART_Transmit)
    [Anonymous Symbol]                       0x08002a48   Section        0  stm32f4xx_it.o(.text.HardFault_Handler)
    [Anonymous Symbol]                       0x08002a4c   Section        0  gpio.o(.text.MX_GPIO_Init)
    [Anonymous Symbol]                       0x08002adc   Section        0  i2c.o(.text.MX_I2C1_Init)
    [Anonymous Symbol]                       0x08002b20   Section        0  i2c.o(.text.MX_I2C2_Init)
    [Anonymous Symbol]                       0x08002b64   Section        0  tim.o(.text.MX_TIM1_Init)
    [Anonymous Symbol]                       0x08002ce0   Section        0  usart.o(.text.MX_USART2_UART_Init)
    [Anonymous Symbol]                       0x08002d1c   Section        0  stm32f4xx_it.o(.text.MemManage_Handler)
    [Anonymous Symbol]                       0x08002d20   Section        0  stm32f4xx_it.o(.text.NMI_Handler)
    [Anonymous Symbol]                       0x08002d24   Section        0  stm32f4xx_it.o(.text.PendSV_Handler)
    [Anonymous Symbol]                       0x08002d28   Section        0  stm32f4xx_it.o(.text.SVC_Handler)
    [Anonymous Symbol]                       0x08002d2c   Section        0  stm32f4xx_it.o(.text.SysTick_Handler)
    [Anonymous Symbol]                       0x08002d30   Section        0  main.o(.text.SystemClock_Config)
    [Anonymous Symbol]                       0x08002de0   Section        0  system_stm32f4xx.o(.text.SystemInit)
    [Anonymous Symbol]                       0x08002df4   Section        0  stm32f4xx_it.o(.text.TIM1_CC_IRQHandler)
    [Anonymous Symbol]                       0x08002e00   Section        0  stm32f4xx_hal_tim.o(.text.TIM_Base_SetConfig)
    UART_SetConfig                           0x08002f3d   Thumb Code   238  stm32f4xx_hal_uart.o(.text.UART_SetConfig)
    [Anonymous Symbol]                       0x08002f3c   Section        0  stm32f4xx_hal_uart.o(.text.UART_SetConfig)
    [Anonymous Symbol]                       0x0800302c   Section        0  stm32f4xx_it.o(.text.UsageFault_Handler)
    [Anonymous Symbol]                       0x08003030   Section        0  retarget_io.o(.text._sys_close)
    [Anonymous Symbol]                       0x08003044   Section        0  retarget_io.o(.text._sys_flen)
    [Anonymous Symbol]                       0x08003048   Section        0  retarget_io.o(.text._sys_istty)
    [Anonymous Symbol]                       0x08003058   Section        0  retarget_io.o(.text._sys_open)
    [Anonymous Symbol]                       0x080030bc   Section        0  retarget_io.o(.text._sys_seek)
    [Anonymous Symbol]                       0x080030c4   Section        0  retarget_io.o(.text._sys_write)
    [Anonymous Symbol]                       0x08003450   Section        0  main.o(.text.fputc)
    [Anonymous Symbol]                       0x08003470   Section        0  i2c-lcd_1.o(.text.lcd_init)
    [Anonymous Symbol]                       0x08003588   Section        0  main.o(.text.main)
    $v0                                      0x0800362c   Number         0  fpinit.o(x$fpl$fpinit)
    x$fpl$fpinit                             0x0800362c   Section       26  fpinit.o(x$fpl$fpinit)
    .Lswitch.table.HAL_TIM_IC_Start_IT       0x08003678   Data          16  stm32f4xx_hal_tim.o(.rodata.cst16)
    .Lswitch.table.HAL_TIM_IC_Stop_IT        0x08003688   Data          16  stm32f4xx_hal_tim.o(.rodata.cst16)
    .data                                    0x20000000   Section        4  stdio_streams.o(.data)
    .data                                    0x20000004   Section        4  stdio_streams.o(.data)
    .data                                    0x20000008   Section        4  stdio_streams.o(.data)
    .L_MergedGlobals                         0x2000000c   Data           8  stm32f4xx_hal.o(.data..L_MergedGlobals)
    [Anonymous Symbol]                       0x2000000c   Section        0  stm32f4xx_hal.o(.data..L_MergedGlobals)
    .bss                                     0x20000018   Section       84  stdio_streams.o(.bss)
    .bss                                     0x2000006c   Section       84  stdio_streams.o(.bss)
    .bss                                     0x200000c0   Section       84  stdio_streams.o(.bss)
    .bss                                     0x20000114   Section       96  libspace.o(.bss)
    .L_MergedGlobals                         0x20000174   Data          20  main.o(.bss..L_MergedGlobals)
    HAL_TIM_OC_DelayElapsedCallback.dem      0x20000174   Data           4  main.o(.bss..L_MergedGlobals)
    [Anonymous Symbol]                       0x20000174   Section        0  main.o(.bss..L_MergedGlobals)
    Heap_Mem                                 0x200002c0   Data         512  startup_stm32f407xx.o(HEAP)
    HEAP                                     0x200002c0   Section      512  startup_stm32f407xx.o(HEAP)
    Stack_Mem                                0x200004c0   Data        1024  startup_stm32f407xx.o(STACK)
    STACK                                    0x200004c0   Section     1024  startup_stm32f407xx.o(STACK)
    __initial_sp                             0x200008c0   Data           0  startup_stm32f407xx.o(STACK)

    Global Symbols

    Symbol Name                              Value     Ov Type        Size  Object(Section)

    BuildAttributes$$THM_ISAv4$E$P$D$K$B$S$7EM$VFPi3$EXTD16$VFPS$VFMA$PE$A:L22UL41UL21$X:L11$S22US41US21$IEEE1$IW$~IW$USESV6$~STKCKD$USESV7$~SHL$OTIME$ROPI$EBA8$UX$STANDARDLIB$REQ8$PRES8$EABIv2 0x00000000   Number         0  anon$$obj.o ABSOLUTE
    __ARM_exceptions_init                     - Undefined Weak Reference
    __alloca_initialize                       - Undefined Weak Reference
    __arm_preinit_                            - Undefined Weak Reference
    __arm_relocate_pie_                       - Undefined Weak Reference
    __cpp_initialize__aeabi_                  - Undefined Weak Reference
    __cxa_finalize                            - Undefined Weak Reference
    __rt_locale                               - Undefined Weak Reference
    __sigvec_lookup                           - Undefined Weak Reference
    __user_heap_extent                        - Undefined Weak Reference
    _atexit_init                              - Undefined Weak Reference
    _call_atexit_fns                          - Undefined Weak Reference
    _clock_init                               - Undefined Weak Reference
    _fp_trap_init                             - Undefined Weak Reference
    _fp_trap_shutdown                         - Undefined Weak Reference
    _get_lc_collate                           - Undefined Weak Reference
    _get_lc_ctype                             - Undefined Weak Reference
    _get_lc_monetary                          - Undefined Weak Reference
    _get_lc_numeric                           - Undefined Weak Reference
    _get_lc_time                              - Undefined Weak Reference
    _getenv_init                              - Undefined Weak Reference
    _handle_redirection                       - Undefined Weak Reference
    _mutex_acquire                            - Undefined Weak Reference
    _mutex_free                               - Undefined Weak Reference
    _mutex_release                            - Undefined Weak Reference
    _printf_post_padding                      - Undefined Weak Reference
    _printf_pre_padding                       - Undefined Weak Reference
    _printf_truncate_signed                   - Undefined Weak Reference
    _printf_truncate_unsigned                 - Undefined Weak Reference
    _rand_init                                - Undefined Weak Reference
    _signal_finish                            - Undefined Weak Reference
    _signal_init                              - Undefined Weak Reference
    __Vectors_Size                           0x00000188   Number         0  startup_stm32f407xx.o ABSOLUTE
    __Vectors                                0x08000000   Data           4  startup_stm32f407xx.o(RESET)
    __Vectors_End                            0x08000188   Data           0  startup_stm32f407xx.o(RESET)
    __main                                   0x08000189   Thumb Code     8  __main.o(!!!main)
    __scatterload                            0x08000191   Thumb Code     0  __scatter.o(!!!scatter)
    __scatterload_rt2                        0x08000191   Thumb Code    44  __scatter.o(!!!scatter)
    __scatterload_rt2_thumb_only             0x08000191   Thumb Code     0  __scatter.o(!!!scatter)
    __scatterload_null                       0x0800019f   Thumb Code     0  __scatter.o(!!!scatter)
    __scatterload_copy                       0x080001c5   Thumb Code    26  __scatter_copy.o(!!handler_copy)
    __scatterload_zeroinit                   0x080001e1   Thumb Code    28  __scatter_zi.o(!!handler_zi)
    _printf_d                                0x080001fd   Thumb Code     0  _printf_d.o(.ARM.Collect$$_printf_percent$$00000009)
    _printf_percent                          0x080001fd   Thumb Code     0  _printf_percent.o(.ARM.Collect$$_printf_percent$$00000000)
    _printf_percent_end                      0x08000203   Thumb Code     0  _printf_percent_end.o(.ARM.Collect$$_printf_percent$$00000017)
    __rt_lib_init                            0x08000207   Thumb Code     0  libinit.o(.ARM.Collect$$libinit$$00000000)
    __rt_lib_init_fp_1                       0x08000209   Thumb Code     0  libinit2.o(.ARM.Collect$$libinit$$00000001)
    __rt_lib_init_heap_2                     0x0800020d   Thumb Code     0  libinit2.o(.ARM.Collect$$libinit$$00000007)
    __rt_lib_init_preinit_1                  0x0800020d   Thumb Code     0  libinit2.o(.ARM.Collect$$libinit$$00000006)
    __rt_lib_init_relocate_pie_1             0x0800020d   Thumb Code     0  libinit2.o(.ARM.Collect$$libinit$$00000004)
    __rt_lib_init_atexit_1                   0x08000215   Thumb Code     0  libinit2.o(.ARM.Collect$$libinit$$0000001D)
    __rt_lib_init_clock_1                    0x08000215   Thumb Code     0  libinit2.o(.ARM.Collect$$libinit$$00000023)
    __rt_lib_init_fp_trap_1                  0x08000215   Thumb Code     0  libinit2.o(.ARM.Collect$$libinit$$00000021)
    __rt_lib_init_getenv_1                   0x08000215   Thumb Code     0  libinit2.o(.ARM.Collect$$libinit$$00000025)
    __rt_lib_init_heap_1                     0x08000215   Thumb Code     0  libinit2.o(.ARM.Collect$$libinit$$0000000C)
    __rt_lib_init_lc_collate_1               0x08000215   Thumb Code     0  libinit2.o(.ARM.Collect$$libinit$$00000013)
    __rt_lib_init_lc_ctype_1                 0x08000215   Thumb Code     0  libinit2.o(.ARM.Collect$$libinit$$00000015)
    __rt_lib_init_lc_monetary_1              0x08000215   Thumb Code     0  libinit2.o(.ARM.Collect$$libinit$$00000017)
    __rt_lib_init_lc_numeric_1               0x08000215   Thumb Code     0  libinit2.o(.ARM.Collect$$libinit$$00000019)
    __rt_lib_init_lc_time_1                  0x08000215   Thumb Code     0  libinit2.o(.ARM.Collect$$libinit$$0000001B)
    __rt_lib_init_rand_1                     0x08000215   Thumb Code     0  libinit2.o(.ARM.Collect$$libinit$$00000010)
    __rt_lib_init_signal_1                   0x08000215   Thumb Code     0  libinit2.o(.ARM.Collect$$libinit$$0000001F)
    __rt_lib_init_stdio_2                    0x08000215   Thumb Code     0  libinit2.o(.ARM.Collect$$libinit$$00000026)
    __rt_lib_init_user_alloc_1               0x08000215   Thumb Code     0  libinit2.o(.ARM.Collect$$libinit$$0000000E)
    __rt_lib_init_alloca_1                   0x08000219   Thumb Code     0  libinit2.o(.ARM.Collect$$libinit$$00000030)
    __rt_lib_init_argv_1                     0x08000219   Thumb Code     0  libinit2.o(.ARM.Collect$$libinit$$0000002E)
    __rt_lib_init_cpp_1                      0x08000219   Thumb Code     0  libinit2.o(.ARM.Collect$$libinit$$00000034)
    __rt_lib_init_exceptions_1               0x08000219   Thumb Code     0  libinit2.o(.ARM.Collect$$libinit$$00000032)
    __rt_lib_init_return                     0x08000219   Thumb Code     0  libinit2.o(.ARM.Collect$$libinit$$00000035)
    __rt_lib_init_stdio_1                    0x08000219   Thumb Code     0  libinit2.o(.ARM.Collect$$libinit$$00000027)
    __rt_lib_shutdown                        0x0800021b   Thumb Code     0  libshutdown.o(.ARM.Collect$$libshutdown$$00000000)
    __rt_lib_shutdown_cpp_1                  0x0800021d   Thumb Code     0  libshutdown2.o(.ARM.Collect$$libshutdown$$00000002)
    __rt_lib_shutdown_stdio_2                0x0800021d   Thumb Code     0  libshutdown2.o(.ARM.Collect$$libshutdown$$00000003)
    __rt_lib_shutdown_fp_trap_1              0x08000221   Thumb Code     0  libshutdown2.o(.ARM.Collect$$libshutdown$$00000007)
    __rt_lib_shutdown_heap_1                 0x08000221   Thumb Code     0  libshutdown2.o(.ARM.Collect$$libshutdown$$0000000F)
    __rt_lib_shutdown_return                 0x08000221   Thumb Code     0  libshutdown2.o(.ARM.Collect$$libshutdown$$00000010)
    __rt_lib_shutdown_signal_1               0x08000221   Thumb Code     0  libshutdown2.o(.ARM.Collect$$libshutdown$$0000000A)
    __rt_lib_shutdown_stdio_1                0x08000221   Thumb Code     0  libshutdown2.o(.ARM.Collect$$libshutdown$$00000004)
    __rt_lib_shutdown_user_alloc_1           0x08000221   Thumb Code     0  libshutdown2.o(.ARM.Collect$$libshutdown$$0000000C)
    __rt_entry                               0x08000223   Thumb Code     0  __rtentry.o(.ARM.Collect$$rtentry$$00000000)
    __rt_entry_presh_1                       0x08000223   Thumb Code     0  __rtentry2.o(.ARM.Collect$$rtentry$$00000002)
    __rt_entry_sh                            0x08000223   Thumb Code     0  __rtentry4.o(.ARM.Collect$$rtentry$$00000004)
    __rt_entry_li                            0x08000229   Thumb Code     0  __rtentry2.o(.ARM.Collect$$rtentry$$0000000A)
    __rt_entry_postsh_1                      0x08000229   Thumb Code     0  __rtentry2.o(.ARM.Collect$$rtentry$$00000009)
    __rt_entry_main                          0x0800022d   Thumb Code     0  __rtentry2.o(.ARM.Collect$$rtentry$$0000000D)
    __rt_entry_postli_1                      0x0800022d   Thumb Code     0  __rtentry2.o(.ARM.Collect$$rtentry$$0000000C)
    __rt_exit                                0x08000235   Thumb Code     0  rtexit.o(.ARM.Collect$$rtexit$$00000000)
    __rt_exit_ls                             0x08000237   Thumb Code     0  rtexit2.o(.ARM.Collect$$rtexit$$00000003)
    __rt_exit_prels_1                        0x08000237   Thumb Code     0  rtexit2.o(.ARM.Collect$$rtexit$$00000002)
    __rt_exit_exit                           0x0800023b   Thumb Code     0  rtexit2.o(.ARM.Collect$$rtexit$$00000004)
    Reset_Handler                            0x08000241   Thumb Code     8  startup_stm32f407xx.o(.text)
    ADC_IRQHandler                           0x0800025b   Thumb Code     0  startup_stm32f407xx.o(.text)
    CAN1_RX0_IRQHandler                      0x0800025b   Thumb Code     0  startup_stm32f407xx.o(.text)
    CAN1_RX1_IRQHandler                      0x0800025b   Thumb Code     0  startup_stm32f407xx.o(.text)
    CAN1_SCE_IRQHandler                      0x0800025b   Thumb Code     0  startup_stm32f407xx.o(.text)
    CAN1_TX_IRQHandler                       0x0800025b   Thumb Code     0  startup_stm32f407xx.o(.text)
    CAN2_RX0_IRQHandler                      0x0800025b   Thumb Code     0  startup_stm32f407xx.o(.text)
    CAN2_RX1_IRQHandler                      0x0800025b   Thumb Code     0  startup_stm32f407xx.o(.text)
    CAN2_SCE_IRQHandler                      0x0800025b   Thumb Code     0  startup_stm32f407xx.o(.text)
    CAN2_TX_IRQHandler                       0x0800025b   Thumb Code     0  startup_stm32f407xx.o(.text)
    DCMI_IRQHandler                          0x0800025b   Thumb Code     0  startup_stm32f407xx.o(.text)
    DMA1_Stream0_IRQHandler                  0x0800025b   Thumb Code     0  startup_stm32f407xx.o(.text)
    DMA1_Stream1_IRQHandler                  0x0800025b   Thumb Code     0  startup_stm32f407xx.o(.text)
    DMA1_Stream2_IRQHandler                  0x0800025b   Thumb Code     0  startup_stm32f407xx.o(.text)
    DMA1_Stream3_IRQHandler                  0x0800025b   Thumb Code     0  startup_stm32f407xx.o(.text)
    DMA1_Stream4_IRQHandler                  0x0800025b   Thumb Code     0  startup_stm32f407xx.o(.text)
    DMA1_Stream5_IRQHandler                  0x0800025b   Thumb Code     0  startup_stm32f407xx.o(.text)
    DMA1_Stream6_IRQHandler                  0x0800025b   Thumb Code     0  startup_stm32f407xx.o(.text)
    DMA1_Stream7_IRQHandler                  0x0800025b   Thumb Code     0  startup_stm32f407xx.o(.text)
    DMA2_Stream0_IRQHandler                  0x0800025b   Thumb Code     0  startup_stm32f407xx.o(.text)
    DMA2_Stream1_IRQHandler                  0x0800025b   Thumb Code     0  startup_stm32f407xx.o(.text)
    DMA2_Stream2_IRQHandler                  0x0800025b   Thumb Code     0  startup_stm32f407xx.o(.text)
    DMA2_Stream3_IRQHandler                  0x0800025b   Thumb Code     0  startup_stm32f407xx.o(.text)
    DMA2_Stream4_IRQHandler                  0x0800025b   Thumb Code     0  startup_stm32f407xx.o(.text)
    DMA2_Stream5_IRQHandler                  0x0800025b   Thumb Code     0  startup_stm32f407xx.o(.text)
    DMA2_Stream6_IRQHandler                  0x0800025b   Thumb Code     0  startup_stm32f407xx.o(.text)
    DMA2_Stream7_IRQHandler                  0x0800025b   Thumb Code     0  startup_stm32f407xx.o(.text)
    ETH_IRQHandler                           0x0800025b   Thumb Code     0  startup_stm32f407xx.o(.text)
    ETH_WKUP_IRQHandler                      0x0800025b   Thumb Code     0  startup_stm32f407xx.o(.text)
    EXTI0_IRQHandler                         0x0800025b   Thumb Code     0  startup_stm32f407xx.o(.text)
    EXTI15_10_IRQHandler                     0x0800025b   Thumb Code     0  startup_stm32f407xx.o(.text)
    EXTI1_IRQHandler                         0x0800025b   Thumb Code     0  startup_stm32f407xx.o(.text)
    EXTI2_IRQHandler                         0x0800025b   Thumb Code     0  startup_stm32f407xx.o(.text)
    EXTI3_IRQHandler                         0x0800025b   Thumb Code     0  startup_stm32f407xx.o(.text)
    EXTI4_IRQHandler                         0x0800025b   Thumb Code     0  startup_stm32f407xx.o(.text)
    EXTI9_5_IRQHandler                       0x0800025b   Thumb Code     0  startup_stm32f407xx.o(.text)
    FLASH_IRQHandler                         0x0800025b   Thumb Code     0  startup_stm32f407xx.o(.text)
    FMC_IRQHandler                           0x0800025b   Thumb Code     0  startup_stm32f407xx.o(.text)
    FPU_IRQHandler                           0x0800025b   Thumb Code     0  startup_stm32f407xx.o(.text)
    HASH_RNG_IRQHandler                      0x0800025b   Thumb Code     0  startup_stm32f407xx.o(.text)
    I2C1_ER_IRQHandler                       0x0800025b   Thumb Code     0  startup_stm32f407xx.o(.text)
    I2C1_EV_IRQHandler                       0x0800025b   Thumb Code     0  startup_stm32f407xx.o(.text)
    I2C2_ER_IRQHandler                       0x0800025b   Thumb Code     0  startup_stm32f407xx.o(.text)
    I2C2_EV_IRQHandler                       0x0800025b   Thumb Code     0  startup_stm32f407xx.o(.text)
    I2C3_ER_IRQHandler                       0x0800025b   Thumb Code     0  startup_stm32f407xx.o(.text)
    I2C3_EV_IRQHandler                       0x0800025b   Thumb Code     0  startup_stm32f407xx.o(.text)
    OTG_FS_IRQHandler                        0x0800025b   Thumb Code     0  startup_stm32f407xx.o(.text)
    OTG_FS_WKUP_IRQHandler                   0x0800025b   Thumb Code     0  startup_stm32f407xx.o(.text)
    OTG_HS_EP1_IN_IRQHandler                 0x0800025b   Thumb Code     0  startup_stm32f407xx.o(.text)
    OTG_HS_EP1_OUT_IRQHandler                0x0800025b   Thumb Code     0  startup_stm32f407xx.o(.text)
    OTG_HS_IRQHandler                        0x0800025b   Thumb Code     0  startup_stm32f407xx.o(.text)
    OTG_HS_WKUP_IRQHandler                   0x0800025b   Thumb Code     0  startup_stm32f407xx.o(.text)
    PVD_IRQHandler                           0x0800025b   Thumb Code     0  startup_stm32f407xx.o(.text)
    RCC_IRQHandler                           0x0800025b   Thumb Code     0  startup_stm32f407xx.o(.text)
    RTC_Alarm_IRQHandler                     0x0800025b   Thumb Code     0  startup_stm32f407xx.o(.text)
    RTC_WKUP_IRQHandler                      0x0800025b   Thumb Code     0  startup_stm32f407xx.o(.text)
    SDIO_IRQHandler                          0x0800025b   Thumb Code     0  startup_stm32f407xx.o(.text)
    SPI1_IRQHandler                          0x0800025b   Thumb Code     0  startup_stm32f407xx.o(.text)
    SPI2_IRQHandler                          0x0800025b   Thumb Code     0  startup_stm32f407xx.o(.text)
    SPI3_IRQHandler                          0x0800025b   Thumb Code     0  startup_stm32f407xx.o(.text)
    TAMP_STAMP_IRQHandler                    0x0800025b   Thumb Code     0  startup_stm32f407xx.o(.text)
    TIM1_BRK_TIM9_IRQHandler                 0x0800025b   Thumb Code     0  startup_stm32f407xx.o(.text)
    TIM1_TRG_COM_TIM11_IRQHandler            0x0800025b   Thumb Code     0  startup_stm32f407xx.o(.text)
    TIM1_UP_TIM10_IRQHandler                 0x0800025b   Thumb Code     0  startup_stm32f407xx.o(.text)
    TIM2_IRQHandler                          0x0800025b   Thumb Code     0  startup_stm32f407xx.o(.text)
    TIM3_IRQHandler                          0x0800025b   Thumb Code     0  startup_stm32f407xx.o(.text)
    TIM4_IRQHandler                          0x0800025b   Thumb Code     0  startup_stm32f407xx.o(.text)
    TIM5_IRQHandler                          0x0800025b   Thumb Code     0  startup_stm32f407xx.o(.text)
    TIM6_DAC_IRQHandler                      0x0800025b   Thumb Code     0  startup_stm32f407xx.o(.text)
    TIM7_IRQHandler                          0x0800025b   Thumb Code     0  startup_stm32f407xx.o(.text)
    TIM8_BRK_TIM12_IRQHandler                0x0800025b   Thumb Code     0  startup_stm32f407xx.o(.text)
    TIM8_CC_IRQHandler                       0x0800025b   Thumb Code     0  startup_stm32f407xx.o(.text)
    TIM8_TRG_COM_TIM14_IRQHandler            0x0800025b   Thumb Code     0  startup_stm32f407xx.o(.text)
    TIM8_UP_TIM13_IRQHandler                 0x0800025b   Thumb Code     0  startup_stm32f407xx.o(.text)
    UART4_IRQHandler                         0x0800025b   Thumb Code     0  startup_stm32f407xx.o(.text)
    UART5_IRQHandler                         0x0800025b   Thumb Code     0  startup_stm32f407xx.o(.text)
    USART1_IRQHandler                        0x0800025b   Thumb Code     0  startup_stm32f407xx.o(.text)
    USART2_IRQHandler                        0x0800025b   Thumb Code     0  startup_stm32f407xx.o(.text)
    USART3_IRQHandler                        0x0800025b   Thumb Code     0  startup_stm32f407xx.o(.text)
    USART6_IRQHandler                        0x0800025b   Thumb Code     0  startup_stm32f407xx.o(.text)
    WWDG_IRQHandler                          0x0800025b   Thumb Code     0  startup_stm32f407xx.o(.text)
    __user_initial_stackheap                 0x0800025d   Thumb Code     0  startup_stm32f407xx.o(.text)
    __aeabi_uldivmod                         0x08000281   Thumb Code     0  lludivv7m.o(.text)
    _ll_udiv                                 0x08000281   Thumb Code   240  lludivv7m.o(.text)
    __2printf                                0x08000371   Thumb Code    20  noretval__2printf.o(.text)
    __printf                                 0x08000389   Thumb Code   104  __printf.o(.text)
    _printf_int_dec                          0x080003f1   Thumb Code   104  _printf_dec.o(.text)
    strcmp                                   0x08000469   Thumb Code   124  strcmpv7em.o(.text)
    __use_two_region_memory                  0x080004e5   Thumb Code     2  heapauxi.o(.text)
    __rt_heap_escrow                         0x080004e7   Thumb Code     2  heapauxi.o(.text)
    __rt_heap_expand                         0x080004e9   Thumb Code     2  heapauxi.o(.text)
    _printf_int_common                       0x080004eb   Thumb Code   178  _printf_intcommon.o(.text)
    _printf_char_file                        0x0800059d   Thumb Code    32  _printf_char_file.o(.text)
    _printf_char_common                      0x080005cb   Thumb Code    32  _printf_char_common.o(.text)
    ferror                                   0x080005f1   Thumb Code     8  ferror.o(.text)
    _initio                                  0x080005f9   Thumb Code   210  initio.o(.text)
    _terminateio                             0x080006cb   Thumb Code    56  initio.o(.text)
    __user_setup_stackheap                   0x08000731   Thumb Code    74  sys_stackheap_outer.o(.text)
    free                                     0x0800077b   Thumb Code    78  h1_free.o(.text)
    setvbuf                                  0x080007c9   Thumb Code    70  setvbuf.o(.text)
    freopen                                  0x08000811   Thumb Code   160  fopen.o(.text)
    fopen                                    0x080008b1   Thumb Code    74  fopen.o(.text)
    _fclose_internal                         0x08000901   Thumb Code    76  fclose.o(.text)
    fclose                                   0x08000901   Thumb Code     0  fclose.o(.text)
    exit                                     0x0800094d   Thumb Code    18  exit.o(.text)
    __rt_SIGRTRED                            0x0800095f   Thumb Code    14  defsig_rtred_outer.o(.text)
    __aeabi_memclr4                          0x0800096d   Thumb Code     0  rt_memclr_w.o(.text)
    __aeabi_memclr8                          0x0800096d   Thumb Code     0  rt_memclr_w.o(.text)
    __rt_memclr_w                            0x0800096d   Thumb Code     0  rt_memclr_w.o(.text)
    _memset_w                                0x08000971   Thumb Code    74  rt_memclr_w.o(.text)
    __user_libspace                          0x080009bd   Thumb Code     8  libspace.o(.text)
    __user_perproc_libspace                  0x080009bd   Thumb Code     0  libspace.o(.text)
    __user_perthread_libspace                0x080009bd   Thumb Code     0  libspace.o(.text)
    __rt_heap_descriptor                     0x080009c5   Thumb Code     8  rt_heap_descriptor_intlibspace.o(.text)
    __use_no_heap                            0x080009cd   Thumb Code     2  hguard.o(.text)
    __heap$guard                             0x080009cf   Thumb Code     2  hguard.o(.text)
    _terminate_user_alloc                    0x080009d1   Thumb Code     2  init_alloc.o(.text)
    _init_user_alloc                         0x080009d3   Thumb Code     2  init_alloc.o(.text)
    __Heap_Full                              0x080009d5   Thumb Code    34  init_alloc.o(.text)
    __Heap_Broken                            0x080009f7   Thumb Code     6  init_alloc.o(.text)
    _init_alloc                              0x080009fd   Thumb Code    94  init_alloc.o(.text)
    malloc                                   0x08000a5b   Thumb Code    94  h1_alloc.o(.text)
    _fseek                                   0x08000ab9   Thumb Code   242  fseek.o(.text)
    fseek                                    0x08000ab9   Thumb Code     0  fseek.o(.text)
    _seterr                                  0x08000bb1   Thumb Code    20  stdio.o(.text)
    _writebuf                                0x08000bc5   Thumb Code   108  stdio.o(.text)
    _fflush                                  0x08000c31   Thumb Code    70  stdio.o(.text)
    _deferredlazyseek                        0x08000c77   Thumb Code    60  stdio.o(.text)
    __sig_exit                               0x08000cb9   Thumb Code    10  defsig_exit.o(.text)
    __rt_SIGRTRED_inner                      0x08000cc5   Thumb Code    14  defsig_rtred_inner.o(.text)
    _sys_exit                                0x08000cf9   Thumb Code     8  sys_exit.o(.text)
    __Heap_Initialize                        0x08000d05   Thumb Code    10  h1_init.o(.text)
    _maybe_terminate_alloc                   0x08000d05   Thumb Code     0  maybetermalloc1.o(.text)
    __Heap_DescSize                          0x08000d0f   Thumb Code     4  h1_init.o(.text)
    __Heap_ProvideMemory                     0x08000d13   Thumb Code    52  h1_extend.o(.text)
    _ftell_internal                          0x08000d47   Thumb Code    66  ftell.o(.text)
    ftell                                    0x08000d47   Thumb Code     0  ftell.o(.text)
    __default_signal_display                 0x08000d89   Thumb Code    50  defsig_general.o(.text)
    __rt_SIGRTMEM                            0x08000dbb   Thumb Code    14  defsig_rtmem_outer.o(.text)
    _ttywrch                                 0x08000dc9   Thumb Code    14  sys_wrch.o(.text)
    __I$use$semihosting                      0x08000dd7   Thumb Code     0  use_no_semi.o(.text)
    __use_no_semihosting_swi                 0x08000dd7   Thumb Code     2  use_no_semi.o(.text)
    __aeabi_errno_addr                       0x08000dd9   Thumb Code     8  rt_errno_addr_intlibspace.o(.text)
    __errno$intlibspace                      0x08000dd9   Thumb Code     0  rt_errno_addr_intlibspace.o(.text)
    __rt_errno_addr$intlibspace              0x08000dd9   Thumb Code     0  rt_errno_addr_intlibspace.o(.text)
    __semihosting_library_function           0x08000dd9   Thumb Code     0  indicate_semi.o(.text)
    __rt_SIGRTMEM_inner                      0x08000de1   Thumb Code    22  defsig_rtmem_inner.o(.text)
    BusFault_Handler                         0x08000e31   Thumb Code     2  stm32f4xx_it.o(.text.BusFault_Handler)
    DebugMon_Handler                         0x08000e35   Thumb Code     2  stm32f4xx_it.o(.text.DebugMon_Handler)
    Error_Handler                            0x08000e39   Thumb Code    10  main.o(.text.Error_Handler)
    HAL_Delay                                0x08000e45   Thumb Code    40  stm32f4xx_hal.o(.text.HAL_Delay)
    HAL_GPIO_Init                            0x08000e6d   Thumb Code   422  stm32f4xx_hal_gpio.o(.text.HAL_GPIO_Init)
    HAL_GPIO_TogglePin                       0x08001015   Thumb Code    16  stm32f4xx_hal_gpio.o(.text.HAL_GPIO_TogglePin)
    HAL_GPIO_WritePin                        0x08001025   Thumb Code    10  stm32f4xx_hal_gpio.o(.text.HAL_GPIO_WritePin)
    HAL_GetTick                              0x08001031   Thumb Code    12  stm32f4xx_hal.o(.text.HAL_GetTick)
    HAL_I2C_Init                             0x0800103d   Thumb Code   374  stm32f4xx_hal_i2c.o(.text.HAL_I2C_Init)
    HAL_I2C_Master_Transmit                  0x080011b5   Thumb Code  1144  stm32f4xx_hal_i2c.o(.text.HAL_I2C_Master_Transmit)
    HAL_I2C_MspInit                          0x0800162d   Thumb Code   214  i2c.o(.text.HAL_I2C_MspInit)
    HAL_IncTick                              0x08001705   Thumb Code    26  stm32f4xx_hal.o(.text.HAL_IncTick)
    HAL_Init                                 0x08001721   Thumb Code    54  stm32f4xx_hal.o(.text.HAL_Init)
    HAL_InitTick                             0x08001759   Thumb Code    72  stm32f4xx_hal.o(.text.HAL_InitTick)
    HAL_MspInit                              0x080017a1   Thumb Code    56  stm32f4xx_hal_msp.o(.text.HAL_MspInit)
    HAL_NVIC_EnableIRQ                       0x080017d9   Thumb Code    38  stm32f4xx_hal_cortex.o(.text.HAL_NVIC_EnableIRQ)
    HAL_NVIC_SetPriority                     0x08001801   Thumb Code    86  stm32f4xx_hal_cortex.o(.text.HAL_NVIC_SetPriority)
    HAL_NVIC_SetPriorityGrouping             0x08001859   Thumb Code    32  stm32f4xx_hal_cortex.o(.text.HAL_NVIC_SetPriorityGrouping)
    HAL_RCC_ClockConfig                      0x08001879   Thumb Code   352  stm32f4xx_hal_rcc.o(.text.HAL_RCC_ClockConfig)
    HAL_RCC_GetPCLK1Freq                     0x080019d9   Thumb Code    38  stm32f4xx_hal_rcc.o(.text.HAL_RCC_GetPCLK1Freq)
    HAL_RCC_GetPCLK2Freq                     0x08001a01   Thumb Code    38  stm32f4xx_hal_rcc.o(.text.HAL_RCC_GetPCLK2Freq)
    HAL_RCC_GetSysClockFreq                  0x08001a29   Thumb Code   108  stm32f4xx_hal_rcc.o(.text.HAL_RCC_GetSysClockFreq)
    HAL_RCC_OscConfig                        0x08001a95   Thumb Code   884  stm32f4xx_hal_rcc.o(.text.HAL_RCC_OscConfig)
    HAL_SYSTICK_Config                       0x08001e09   Thumb Code    44  stm32f4xx_hal_cortex.o(.text.HAL_SYSTICK_Config)
    HAL_TIMEx_BreakCallback                  0x08001e35   Thumb Code     2  stm32f4xx_hal_tim_ex.o(.text.HAL_TIMEx_BreakCallback)
    HAL_TIMEx_CommutCallback                 0x08001e39   Thumb Code     2  stm32f4xx_hal_tim_ex.o(.text.HAL_TIMEx_CommutCallback)
    HAL_TIMEx_ConfigBreakDeadTime            0x08001e3d   Thumb Code    76  stm32f4xx_hal_tim_ex.o(.text.HAL_TIMEx_ConfigBreakDeadTime)
    HAL_TIMEx_MasterConfigSynchronization    0x08001e89   Thumb Code   182  stm32f4xx_hal_tim_ex.o(.text.HAL_TIMEx_MasterConfigSynchronization)
    HAL_TIM_Base_Init                        0x08001f41   Thumb Code    90  stm32f4xx_hal_tim.o(.text.HAL_TIM_Base_Init)
    HAL_TIM_Base_MspInit                     0x08001f9d   Thumb Code    72  tim.o(.text.HAL_TIM_Base_MspInit)
    HAL_TIM_ConfigClockSource                0x08001fe5   Thumb Code   412  stm32f4xx_hal_tim.o(.text.HAL_TIM_ConfigClockSource)
    HAL_TIM_IC_CaptureCallback               0x08002181   Thumb Code     2  stm32f4xx_hal_tim.o(.text.HAL_TIM_IC_CaptureCallback)
    HAL_TIM_IRQHandler                       0x08002185   Thumb Code   368  stm32f4xx_hal_tim.o(.text.HAL_TIM_IRQHandler)
    HAL_TIM_OC_ConfigChannel                 0x080022f5   Thumb Code   436  stm32f4xx_hal_tim.o(.text.HAL_TIM_OC_ConfigChannel)
    HAL_TIM_OC_DelayElapsedCallback          0x080024a9   Thumb Code   136  main.o(.text.HAL_TIM_OC_DelayElapsedCallback)
    HAL_TIM_OC_Init                          0x08002531   Thumb Code    90  stm32f4xx_hal_tim.o(.text.HAL_TIM_OC_Init)
    HAL_TIM_OC_MspInit                       0x0800258d   Thumb Code     2  stm32f4xx_hal_tim.o(.text.HAL_TIM_OC_MspInit)
    HAL_TIM_OC_Start_IT                      0x08002591   Thumb Code   344  stm32f4xx_hal_tim.o(.text.HAL_TIM_OC_Start_IT)
    HAL_TIM_PWM_PulseFinishedCallback        0x080026e9   Thumb Code     2  stm32f4xx_hal_tim.o(.text.HAL_TIM_PWM_PulseFinishedCallback)
    HAL_TIM_PeriodElapsedCallback            0x080026ed   Thumb Code     2  stm32f4xx_hal_tim.o(.text.HAL_TIM_PeriodElapsedCallback)
    HAL_TIM_TriggerCallback                  0x080026f1   Thumb Code     2  stm32f4xx_hal_tim.o(.text.HAL_TIM_TriggerCallback)
    HAL_UART_Init                            0x080026f5   Thumb Code    94  stm32f4xx_hal_uart.o(.text.HAL_UART_Init)
    HAL_UART_MspInit                         0x08002755   Thumb Code   106  usart.o(.text.HAL_UART_MspInit)
    HAL_UART_Transmit                        0x080027c1   Thumb Code   646  stm32f4xx_hal_uart.o(.text.HAL_UART_Transmit)
    HardFault_Handler                        0x08002a49   Thumb Code     2  stm32f4xx_it.o(.text.HardFault_Handler)
    MX_GPIO_Init                             0x08002a4d   Thumb Code   142  gpio.o(.text.MX_GPIO_Init)
    MX_I2C1_Init                             0x08002add   Thumb Code    66  i2c.o(.text.MX_I2C1_Init)
    MX_I2C2_Init                             0x08002b21   Thumb Code    66  i2c.o(.text.MX_I2C2_Init)
    MX_TIM1_Init                             0x08002b65   Thumb Code   378  tim.o(.text.MX_TIM1_Init)
    MX_USART2_UART_Init                      0x08002ce1   Thumb Code    60  usart.o(.text.MX_USART2_UART_Init)
    MemManage_Handler                        0x08002d1d   Thumb Code     2  stm32f4xx_it.o(.text.MemManage_Handler)
    NMI_Handler                              0x08002d21   Thumb Code     2  stm32f4xx_it.o(.text.NMI_Handler)
    PendSV_Handler                           0x08002d25   Thumb Code     2  stm32f4xx_it.o(.text.PendSV_Handler)
    SVC_Handler                              0x08002d29   Thumb Code     2  stm32f4xx_it.o(.text.SVC_Handler)
    SysTick_Handler                          0x08002d2d   Thumb Code     4  stm32f4xx_it.o(.text.SysTick_Handler)
    SystemClock_Config                       0x08002d31   Thumb Code   176  main.o(.text.SystemClock_Config)
    SystemInit                               0x08002de1   Thumb Code    18  system_stm32f4xx.o(.text.SystemInit)
    TIM1_CC_IRQHandler                       0x08002df5   Thumb Code    12  stm32f4xx_it.o(.text.TIM1_CC_IRQHandler)
    TIM_Base_SetConfig                       0x08002e01   Thumb Code   316  stm32f4xx_hal_tim.o(.text.TIM_Base_SetConfig)
    UsageFault_Handler                       0x0800302d   Thumb Code     2  stm32f4xx_it.o(.text.UsageFault_Handler)
    _sys_close                               0x08003031   Thumb Code    20  retarget_io.o(.text._sys_close)
    _sys_flen                                0x08003045   Thumb Code     4  retarget_io.o(.text._sys_flen)
    _sys_istty                               0x08003049   Thumb Code    16  retarget_io.o(.text._sys_istty)
    _sys_open                                0x08003059   Thumb Code    98  retarget_io.o(.text._sys_open)
    _sys_seek                                0x080030bd   Thumb Code     6  retarget_io.o(.text._sys_seek)
    _sys_write                               0x080030c5   Thumb Code   906  retarget_io.o(.text._sys_write)
    fputc                                    0x08003451   Thumb Code    32  main.o(.text.fputc)
    lcd_init                                 0x08003471   Thumb Code   278  i2c-lcd_1.o(.text.lcd_init)
    main                                     0x08003589   Thumb Code   152  main.o(.text.main)
    _fp_init                                 0x0800362d   Thumb Code    26  fpinit.o(x$fpl$fpinit)
    __fplib_config_fpu_vfp                   0x08003645   Thumb Code     0  fpinit.o(x$fpl$fpinit)
    __fplib_config_pureend_doubles           0x08003645   Thumb Code     0  fpinit.o(x$fpl$fpinit)
    AHBPrescTable                            0x08003646   Data          16  system_stm32f4xx.o(.rodata.AHBPrescTable)
    APBPrescTable                            0x08003656   Data           8  system_stm32f4xx.o(.rodata.APBPrescTable)
    __stderr_name                            0x0800365e   Data           8  retarget_io.o(.rodata.__stderr_name)
    __stdin_name                             0x08003666   Data           7  retarget_io.o(.rodata.__stdin_name)
    __stdout_name                            0x0800366d   Data           8  retarget_io.o(.rodata.__stdout_name)
    Region$$Table$$Base                      0x08003698   Number         0  anon$$obj.o(Region$$Table)
    Region$$Table$$Limit                     0x080036b8   Number         0  anon$$obj.o(Region$$Table)
    __aeabi_stdin                            0x20000000   Data           4  stdio_streams.o(.data)
    __aeabi_stdout                           0x20000004   Data           4  stdio_streams.o(.data)
    __aeabi_stderr                           0x20000008   Data           4  stdio_streams.o(.data)
    uwTickFreq                               0x2000000c   Data           1  stm32f4xx_hal.o(.data..L_MergedGlobals)
    uwTickPrio                               0x20000010   Data           4  stm32f4xx_hal.o(.data..L_MergedGlobals)
    SystemCoreClock                          0x20000014   Data           4  system_stm32f4xx.o(.data.SystemCoreClock)
    __stdin                                  0x20000018   Data          84  stdio_streams.o(.bss)
    __stdout                                 0x2000006c   Data          84  stdio_streams.o(.bss)
    __stderr                                 0x200000c0   Data          84  stdio_streams.o(.bss)
    __libspace_start                         0x20000114   Data          96  libspace.o(.bss)
    __temporary_stack_top$libspace           0x20000174   Data           0  libspace.o(.bss)
    time                                     0x20000178   Data          16  main.o(.bss..L_MergedGlobals)
    hi2c1                                    0x20000188   Data          84  i2c.o(.bss.hi2c1)
    hi2c2                                    0x200001dc   Data          84  i2c.o(.bss.hi2c2)
    htim1                                    0x20000230   Data          72  tim.o(.bss.htim1)
    huart2                                   0x20000278   Data          68  usart.o(.bss.huart2)
    uwTick                                   0x200002bc   Data           4  stm32f4xx_hal.o(.bss.uwTick)



==============================================================================

Memory Map of the image

  Image Entry point : 0x08000189

  Load Region LR_IROM1 (Base: 0x08000000, Size: 0x000036d0, Max: 0x00080000, ABSOLUTE)

    Execution Region ER_IROM1 (Exec base: 0x08000000, Load base: 0x08000000, Size: 0x000036b8, Max: 0x00080000, ABSOLUTE)

    Exec Addr    Load Addr    Size         Type   Attr      Idx    E Section Name        Object

    0x08000000   0x08000000   0x00000188   Data   RO            3    RESET               startup_stm32f407xx.o
    0x08000188   0x08000188   0x00000008   Code   RO         1181  * !!!main             c_w.l(__main.o)
    0x08000190   0x08000190   0x00000034   Code   RO         1513    !!!scatter          c_w.l(__scatter.o)
    0x080001c4   0x080001c4   0x0000001a   Code   RO         1515    !!handler_copy      c_w.l(__scatter_copy.o)
    0x080001de   0x080001de   0x00000002   PAD
    0x080001e0   0x080001e0   0x0000001c   Code   RO         1517    !!handler_zi        c_w.l(__scatter_zi.o)
    0x080001fc   0x080001fc   0x00000000   Code   RO         1176    .ARM.Collect$$_printf_percent$$00000000  c_w.l(_printf_percent.o)
    0x080001fc   0x080001fc   0x00000006   Code   RO         1175    .ARM.Collect$$_printf_percent$$00000009  c_w.l(_printf_d.o)
    0x08000202   0x08000202   0x00000004   Code   RO         1192    .ARM.Collect$$_printf_percent$$00000017  c_w.l(_printf_percent_end.o)
    0x08000206   0x08000206   0x00000002   Code   RO         1316    .ARM.Collect$$libinit$$00000000  c_w.l(libinit.o)
    0x08000208   0x08000208   0x00000004   Code   RO         1317    .ARM.Collect$$libinit$$00000001  c_w.l(libinit2.o)
    0x0800020c   0x0800020c   0x00000000   Code   RO         1320    .ARM.Collect$$libinit$$00000004  c_w.l(libinit2.o)
    0x0800020c   0x0800020c   0x00000000   Code   RO         1322    .ARM.Collect$$libinit$$00000006  c_w.l(libinit2.o)
    0x0800020c   0x0800020c   0x00000008   Code   RO         1323    .ARM.Collect$$libinit$$00000007  c_w.l(libinit2.o)
    0x08000214   0x08000214   0x00000000   Code   RO         1325    .ARM.Collect$$libinit$$0000000C  c_w.l(libinit2.o)
    0x08000214   0x08000214   0x00000000   Code   RO         1327    .ARM.Collect$$libinit$$0000000E  c_w.l(libinit2.o)
    0x08000214   0x08000214   0x00000000   Code   RO         1329    .ARM.Collect$$libinit$$00000010  c_w.l(libinit2.o)
    0x08000214   0x08000214   0x00000000   Code   RO         1332    .ARM.Collect$$libinit$$00000013  c_w.l(libinit2.o)
    0x08000214   0x08000214   0x00000000   Code   RO         1334    .ARM.Collect$$libinit$$00000015  c_w.l(libinit2.o)
    0x08000214   0x08000214   0x00000000   Code   RO         1336    .ARM.Collect$$libinit$$00000017  c_w.l(libinit2.o)
    0x08000214   0x08000214   0x00000000   Code   RO         1338    .ARM.Collect$$libinit$$00000019  c_w.l(libinit2.o)
    0x08000214   0x08000214   0x00000000   Code   RO         1340    .ARM.Collect$$libinit$$0000001B  c_w.l(libinit2.o)
    0x08000214   0x08000214   0x00000000   Code   RO         1342    .ARM.Collect$$libinit$$0000001D  c_w.l(libinit2.o)
    0x08000214   0x08000214   0x00000000   Code   RO         1344    .ARM.Collect$$libinit$$0000001F  c_w.l(libinit2.o)
    0x08000214   0x08000214   0x00000000   Code   RO         1346    .ARM.Collect$$libinit$$00000021  c_w.l(libinit2.o)
    0x08000214   0x08000214   0x00000000   Code   RO         1348    .ARM.Collect$$libinit$$00000023  c_w.l(libinit2.o)
    0x08000214   0x08000214   0x00000000   Code   RO         1350    .ARM.Collect$$libinit$$00000025  c_w.l(libinit2.o)
    0x08000214   0x08000214   0x00000004   Code   RO         1351    .ARM.Collect$$libinit$$00000026  c_w.l(libinit2.o)
    0x08000218   0x08000218   0x00000000   Code   RO         1352    .ARM.Collect$$libinit$$00000027  c_w.l(libinit2.o)
    0x08000218   0x08000218   0x00000000   Code   RO         1356    .ARM.Collect$$libinit$$0000002E  c_w.l(libinit2.o)
    0x08000218   0x08000218   0x00000000   Code   RO         1358    .ARM.Collect$$libinit$$00000030  c_w.l(libinit2.o)
    0x08000218   0x08000218   0x00000000   Code   RO         1360    .ARM.Collect$$libinit$$00000032  c_w.l(libinit2.o)
    0x08000218   0x08000218   0x00000000   Code   RO         1362    .ARM.Collect$$libinit$$00000034  c_w.l(libinit2.o)
    0x08000218   0x08000218   0x00000002   Code   RO         1363    .ARM.Collect$$libinit$$00000035  c_w.l(libinit2.o)
    0x0800021a   0x0800021a   0x00000002   Code   RO         1494    .ARM.Collect$$libshutdown$$00000000  c_w.l(libshutdown.o)
    0x0800021c   0x0800021c   0x00000000   Code   RO         1365    .ARM.Collect$$libshutdown$$00000002  c_w.l(libshutdown2.o)
    0x0800021c   0x0800021c   0x00000004   Code   RO         1366    .ARM.Collect$$libshutdown$$00000003  c_w.l(libshutdown2.o)
    0x08000220   0x08000220   0x00000000   Code   RO         1367    .ARM.Collect$$libshutdown$$00000004  c_w.l(libshutdown2.o)
    0x08000220   0x08000220   0x00000000   Code   RO         1370    .ARM.Collect$$libshutdown$$00000007  c_w.l(libshutdown2.o)
    0x08000220   0x08000220   0x00000000   Code   RO         1373    .ARM.Collect$$libshutdown$$0000000A  c_w.l(libshutdown2.o)
    0x08000220   0x08000220   0x00000000   Code   RO         1375    .ARM.Collect$$libshutdown$$0000000C  c_w.l(libshutdown2.o)
    0x08000220   0x08000220   0x00000000   Code   RO         1378    .ARM.Collect$$libshutdown$$0000000F  c_w.l(libshutdown2.o)
    0x08000220   0x08000220   0x00000002   Code   RO         1379    .ARM.Collect$$libshutdown$$00000010  c_w.l(libshutdown2.o)
    0x08000222   0x08000222   0x00000000   Code   RO         1183    .ARM.Collect$$rtentry$$00000000  c_w.l(__rtentry.o)
    0x08000222   0x08000222   0x00000000   Code   RO         1200    .ARM.Collect$$rtentry$$00000002  c_w.l(__rtentry2.o)
    0x08000222   0x08000222   0x00000006   Code   RO         1212    .ARM.Collect$$rtentry$$00000004  c_w.l(__rtentry4.o)
    0x08000228   0x08000228   0x00000000   Code   RO         1202    .ARM.Collect$$rtentry$$00000009  c_w.l(__rtentry2.o)
    0x08000228   0x08000228   0x00000004   Code   RO         1203    .ARM.Collect$$rtentry$$0000000A  c_w.l(__rtentry2.o)
    0x0800022c   0x0800022c   0x00000000   Code   RO         1205    .ARM.Collect$$rtentry$$0000000C  c_w.l(__rtentry2.o)
    0x0800022c   0x0800022c   0x00000008   Code   RO         1206    .ARM.Collect$$rtentry$$0000000D  c_w.l(__rtentry2.o)
    0x08000234   0x08000234   0x00000002   Code   RO         1383    .ARM.Collect$$rtexit$$00000000  c_w.l(rtexit.o)
    0x08000236   0x08000236   0x00000000   Code   RO         1433    .ARM.Collect$$rtexit$$00000002  c_w.l(rtexit2.o)
    0x08000236   0x08000236   0x00000004   Code   RO         1434    .ARM.Collect$$rtexit$$00000003  c_w.l(rtexit2.o)
    0x0800023a   0x0800023a   0x00000006   Code   RO         1435    .ARM.Collect$$rtexit$$00000004  c_w.l(rtexit2.o)
    0x08000240   0x08000240   0x00000040   Code   RO            4    .text               startup_stm32f407xx.o
    0x08000280   0x08000280   0x000000f0   Code   RO         1145    .text               c_w.l(lludivv7m.o)
    0x08000370   0x08000370   0x00000018   Code   RO         1149    .text               c_w.l(noretval__2printf.o)
    0x08000388   0x08000388   0x00000068   Code   RO         1151    .text               c_w.l(__printf.o)
    0x080003f0   0x080003f0   0x00000078   Code   RO         1153    .text               c_w.l(_printf_dec.o)
    0x08000468   0x08000468   0x0000007c   Code   RO         1177    .text               c_w.l(strcmpv7em.o)
    0x080004e4   0x080004e4   0x00000006   Code   RO         1179    .text               c_w.l(heapauxi.o)
    0x080004ea   0x080004ea   0x000000b2   Code   RO         1188    .text               c_w.l(_printf_intcommon.o)
    0x0800059c   0x0800059c   0x00000024   Code   RO         1190    .text               c_w.l(_printf_char_file.o)
    0x080005c0   0x080005c0   0x00000030   Code   RO         1216    .text               c_w.l(_printf_char_common.o)
    0x080005f0   0x080005f0   0x00000008   Code   RO         1218    .text               c_w.l(ferror.o)
    0x080005f8   0x080005f8   0x00000138   Code   RO         1220    .text               c_w.l(initio.o)
    0x08000730   0x08000730   0x0000004a   Code   RO         1228    .text               c_w.l(sys_stackheap_outer.o)
    0x0800077a   0x0800077a   0x0000004e   Code   RO         1232    .text               c_w.l(h1_free.o)
    0x080007c8   0x080007c8   0x00000046   Code   RO         1288    .text               c_w.l(setvbuf.o)
    0x0800080e   0x0800080e   0x00000002   PAD
    0x08000810   0x08000810   0x000000f0   Code   RO         1291    .text               c_w.l(fopen.o)
    0x08000900   0x08000900   0x0000004c   Code   RO         1293    .text               c_w.l(fclose.o)
    0x0800094c   0x0800094c   0x00000012   Code   RO         1299    .text               c_w.l(exit.o)
    0x0800095e   0x0800095e   0x0000000e   Code   RO         1305    .text               c_w.l(defsig_rtred_outer.o)
    0x0800096c   0x0800096c   0x0000004e   Code   RO         1309    .text               c_w.l(rt_memclr_w.o)
    0x080009ba   0x080009ba   0x00000002   PAD
    0x080009bc   0x080009bc   0x00000008   Code   RO         1380    .text               c_w.l(libspace.o)
    0x080009c4   0x080009c4   0x00000008   Code   RO         1390    .text               c_w.l(rt_heap_descriptor_intlibspace.o)
    0x080009cc   0x080009cc   0x00000004   Code   RO         1392    .text               c_w.l(hguard.o)
    0x080009d0   0x080009d0   0x0000008a   Code   RO         1394    .text               c_w.l(init_alloc.o)
    0x08000a5a   0x08000a5a   0x0000005e   Code   RO         1400    .text               c_w.l(h1_alloc.o)
    0x08000ab8   0x08000ab8   0x000000f8   Code   RO         1412    .text               c_w.l(fseek.o)
    0x08000bb0   0x08000bb0   0x00000108   Code   RO         1414    .text               c_w.l(stdio.o)
    0x08000cb8   0x08000cb8   0x0000000a   Code   RO         1416    .text               c_w.l(defsig_exit.o)
    0x08000cc2   0x08000cc2   0x00000002   PAD
    0x08000cc4   0x08000cc4   0x00000034   Code   RO         1420    .text               c_w.l(defsig_rtred_inner.o)
    0x08000cf8   0x08000cf8   0x0000000c   Code   RO         1428    .text               c_w.l(sys_exit.o)
    0x08000d04   0x08000d04   0x00000000   Code   RO         1439    .text               c_w.l(maybetermalloc1.o)
    0x08000d04   0x08000d04   0x0000000e   Code   RO         1441    .text               c_w.l(h1_init.o)
    0x08000d12   0x08000d12   0x00000034   Code   RO         1443    .text               c_w.l(h1_extend.o)
    0x08000d46   0x08000d46   0x00000042   Code   RO         1449    .text               c_w.l(ftell.o)
    0x08000d88   0x08000d88   0x00000032   Code   RO         1453    .text               c_w.l(defsig_general.o)
    0x08000dba   0x08000dba   0x0000000e   Code   RO         1455    .text               c_w.l(defsig_rtmem_outer.o)
    0x08000dc8   0x08000dc8   0x0000000e   Code   RO         1468    .text               c_w.l(sys_wrch.o)
    0x08000dd6   0x08000dd6   0x00000002   Code   RO         1476    .text               c_w.l(use_no_semi.o)
    0x08000dd8   0x08000dd8   0x00000000   Code   RO         1478    .text               c_w.l(indicate_semi.o)
    0x08000dd8   0x08000dd8   0x00000008   Code   RO         1482    .text               c_w.l(rt_errno_addr_intlibspace.o)
    0x08000de0   0x08000de0   0x00000050   Code   RO         1488    .text               c_w.l(defsig_rtmem_inner.o)
    0x08000e30   0x08000e30   0x00000002   Code   RO          117    .text.BusFault_Handler  stm32f4xx_it.o
    0x08000e32   0x08000e32   0x00000002   PAD
    0x08000e34   0x08000e34   0x00000002   Code   RO          123    .text.DebugMon_Handler  stm32f4xx_it.o
    0x08000e36   0x08000e36   0x00000002   PAD
    0x08000e38   0x08000e38   0x0000000a   Code   RO           39    .text.Error_Handler  main.o
    0x08000e42   0x08000e42   0x00000002   PAD
    0x08000e44   0x08000e44   0x00000028   Code   RO          590    .text.HAL_Delay     stm32f4xx_hal.o
    0x08000e6c   0x08000e6c   0x000001a6   Code   RO          391    .text.HAL_GPIO_Init  stm32f4xx_hal_gpio.o
    0x08001012   0x08001012   0x00000002   PAD
    0x08001014   0x08001014   0x00000010   Code   RO          399    .text.HAL_GPIO_TogglePin  stm32f4xx_hal_gpio.o
    0x08001024   0x08001024   0x0000000a   Code   RO          397    .text.HAL_GPIO_WritePin  stm32f4xx_hal_gpio.o
    0x0800102e   0x0800102e   0x00000002   PAD
    0x08001030   0x08001030   0x0000000c   Code   RO          582    .text.HAL_GetTick   stm32f4xx_hal.o
    0x0800103c   0x0800103c   0x00000176   Code   RO          146    .text.HAL_I2C_Init  stm32f4xx_hal_i2c.o
    0x080011b2   0x080011b2   0x00000002   PAD
    0x080011b4   0x080011b4   0x00000478   Code   RO          154    .text.HAL_I2C_Master_Transmit  stm32f4xx_hal_i2c.o
    0x0800162c   0x0800162c   0x000000d6   Code   RO           65    .text.HAL_I2C_MspInit  i2c.o
    0x08001702   0x08001702   0x00000002   PAD
    0x08001704   0x08001704   0x0000001a   Code   RO          580    .text.HAL_IncTick   stm32f4xx_hal.o
    0x0800171e   0x0800171e   0x00000002   PAD
    0x08001720   0x08001720   0x00000036   Code   RO          570    .text.HAL_Init      stm32f4xx_hal.o
    0x08001756   0x08001756   0x00000002   PAD
    0x08001758   0x08001758   0x00000048   Code   RO          572    .text.HAL_InitTick  stm32f4xx_hal.o
    0x080017a0   0x080017a0   0x00000038   Code   RO          138    .text.HAL_MspInit   stm32f4xx_hal_msp.o
    0x080017d8   0x080017d8   0x00000026   Code   RO          528    .text.HAL_NVIC_EnableIRQ  stm32f4xx_hal_cortex.o
    0x080017fe   0x080017fe   0x00000002   PAD
    0x08001800   0x08001800   0x00000056   Code   RO          526    .text.HAL_NVIC_SetPriority  stm32f4xx_hal_cortex.o
    0x08001856   0x08001856   0x00000002   PAD
    0x08001858   0x08001858   0x00000020   Code   RO          524    .text.HAL_NVIC_SetPriorityGrouping  stm32f4xx_hal_cortex.o
    0x08001878   0x08001878   0x00000160   Code   RO          285    .text.HAL_RCC_ClockConfig  stm32f4xx_hal_rcc.o
    0x080019d8   0x080019d8   0x00000026   Code   RO          297    .text.HAL_RCC_GetPCLK1Freq  stm32f4xx_hal_rcc.o
    0x080019fe   0x080019fe   0x00000002   PAD
    0x08001a00   0x08001a00   0x00000026   Code   RO          299    .text.HAL_RCC_GetPCLK2Freq  stm32f4xx_hal_rcc.o
    0x08001a26   0x08001a26   0x00000002   PAD
    0x08001a28   0x08001a28   0x0000006c   Code   RO          287    .text.HAL_RCC_GetSysClockFreq  stm32f4xx_hal_rcc.o
    0x08001a94   0x08001a94   0x00000374   Code   RO          283    .text.HAL_RCC_OscConfig  stm32f4xx_hal_rcc.o
    0x08001e08   0x08001e08   0x0000002c   Code   RO          536    .text.HAL_SYSTICK_Config  stm32f4xx_hal_cortex.o
    0x08001e34   0x08001e34   0x00000002   Code   RO          965    .text.HAL_TIMEx_BreakCallback  stm32f4xx_hal_tim_ex.o
    0x08001e36   0x08001e36   0x00000002   PAD
    0x08001e38   0x08001e38   0x00000002   Code   RO          961    .text.HAL_TIMEx_CommutCallback  stm32f4xx_hal_tim_ex.o
    0x08001e3a   0x08001e3a   0x00000002   PAD
    0x08001e3c   0x08001e3c   0x0000004c   Code   RO          957    .text.HAL_TIMEx_ConfigBreakDeadTime  stm32f4xx_hal_tim_ex.o
    0x08001e88   0x08001e88   0x000000b6   Code   RO          955    .text.HAL_TIMEx_MasterConfigSynchronization  stm32f4xx_hal_tim_ex.o
    0x08001f3e   0x08001f3e   0x00000002   PAD
    0x08001f40   0x08001f40   0x0000005a   Code   RO          660    .text.HAL_TIM_Base_Init  stm32f4xx_hal_tim.o
    0x08001f9a   0x08001f9a   0x00000002   PAD
    0x08001f9c   0x08001f9c   0x00000048   Code   RO           83    .text.HAL_TIM_Base_MspInit  tim.o
    0x08001fe4   0x08001fe4   0x0000019c   Code   RO          840    .text.HAL_TIM_ConfigClockSource  stm32f4xx_hal_tim.o
    0x08002180   0x08002180   0x00000002   Code   RO          796    .text.HAL_TIM_IC_CaptureCallback  stm32f4xx_hal_tim.o
    0x08002182   0x08002182   0x00000002   PAD
    0x08002184   0x08002184   0x00000170   Code   RO          794    .text.HAL_TIM_IRQHandler  stm32f4xx_hal_tim.o
    0x080022f4   0x080022f4   0x000001b4   Code   RO          806    .text.HAL_TIM_OC_ConfigChannel  stm32f4xx_hal_tim.o
    0x080024a8   0x080024a8   0x00000088   Code   RO           33    .text.HAL_TIM_OC_DelayElapsedCallback  main.o
    0x08002530   0x08002530   0x0000005a   Code   RO          688    .text.HAL_TIM_OC_Init  stm32f4xx_hal_tim.o
    0x0800258a   0x0800258a   0x00000002   PAD
    0x0800258c   0x0800258c   0x00000002   Code   RO          690    .text.HAL_TIM_OC_MspInit  stm32f4xx_hal_tim.o
    0x0800258e   0x0800258e   0x00000002   PAD
    0x08002590   0x08002590   0x00000158   Code   RO          702    .text.HAL_TIM_OC_Start_IT  stm32f4xx_hal_tim.o
    0x080026e8   0x080026e8   0x00000002   Code   RO          800    .text.HAL_TIM_PWM_PulseFinishedCallback  stm32f4xx_hal_tim.o
    0x080026ea   0x080026ea   0x00000002   PAD
    0x080026ec   0x080026ec   0x00000002   Code   RO          802    .text.HAL_TIM_PeriodElapsedCallback  stm32f4xx_hal_tim.o
    0x080026ee   0x080026ee   0x00000002   PAD
    0x080026f0   0x080026f0   0x00000002   Code   RO          804    .text.HAL_TIM_TriggerCallback  stm32f4xx_hal_tim.o
    0x080026f2   0x080026f2   0x00000002   PAD
    0x080026f4   0x080026f4   0x0000005e   Code   RO          979    .text.HAL_UART_Init  stm32f4xx_hal_uart.o
    0x08002752   0x08002752   0x00000002   PAD
    0x08002754   0x08002754   0x0000006a   Code   RO           98    .text.HAL_UART_MspInit  usart.o
    0x080027be   0x080027be   0x00000002   PAD
    0x080027c0   0x080027c0   0x00000286   Code   RO          995    .text.HAL_UART_Transmit  stm32f4xx_hal_uart.o
    0x08002a46   0x08002a46   0x00000002   PAD
    0x08002a48   0x08002a48   0x00000002   Code   RO          113    .text.HardFault_Handler  stm32f4xx_it.o
    0x08002a4a   0x08002a4a   0x00000002   PAD
    0x08002a4c   0x08002a4c   0x0000008e   Code   RO           52    .text.MX_GPIO_Init  gpio.o
    0x08002ada   0x08002ada   0x00000002   PAD
    0x08002adc   0x08002adc   0x00000042   Code   RO           61    .text.MX_I2C1_Init  i2c.o
    0x08002b1e   0x08002b1e   0x00000002   PAD
    0x08002b20   0x08002b20   0x00000042   Code   RO           63    .text.MX_I2C2_Init  i2c.o
    0x08002b62   0x08002b62   0x00000002   PAD
    0x08002b64   0x08002b64   0x0000017a   Code   RO           79    .text.MX_TIM1_Init  tim.o
    0x08002cde   0x08002cde   0x00000002   PAD
    0x08002ce0   0x08002ce0   0x0000003c   Code   RO           96    .text.MX_USART2_UART_Init  usart.o
    0x08002d1c   0x08002d1c   0x00000002   Code   RO          115    .text.MemManage_Handler  stm32f4xx_it.o
    0x08002d1e   0x08002d1e   0x00000002   PAD
    0x08002d20   0x08002d20   0x00000002   Code   RO          111    .text.NMI_Handler   stm32f4xx_it.o
    0x08002d22   0x08002d22   0x00000002   PAD
    0x08002d24   0x08002d24   0x00000002   Code   RO          125    .text.PendSV_Handler  stm32f4xx_it.o
    0x08002d26   0x08002d26   0x00000002   PAD
    0x08002d28   0x08002d28   0x00000002   Code   RO          121    .text.SVC_Handler   stm32f4xx_it.o
    0x08002d2a   0x08002d2a   0x00000002   PAD
    0x08002d2c   0x08002d2c   0x00000004   Code   RO          127    .text.SysTick_Handler  stm32f4xx_it.o
    0x08002d30   0x08002d30   0x000000b0   Code   RO           37    .text.SystemClock_Config  main.o
    0x08002de0   0x08002de0   0x00000012   Code   RO         1099    .text.SystemInit    system_stm32f4xx.o
    0x08002df2   0x08002df2   0x00000002   PAD
    0x08002df4   0x08002df4   0x0000000c   Code   RO          129    .text.TIM1_CC_IRQHandler  stm32f4xx_it.o
    0x08002e00   0x08002e00   0x0000013c   Code   RO          664    .text.TIM_Base_SetConfig  stm32f4xx_hal_tim.o
    0x08002f3c   0x08002f3c   0x000000ee   Code   RO          983    .text.UART_SetConfig  stm32f4xx_hal_uart.o
    0x0800302a   0x0800302a   0x00000002   PAD
    0x0800302c   0x0800302c   0x00000002   Code   RO          119    .text.UsageFault_Handler  stm32f4xx_it.o
    0x0800302e   0x0800302e   0x00000002   PAD
    0x08003030   0x08003030   0x00000014   Code   RO         1120    .text._sys_close    retarget_io.o
    0x08003044   0x08003044   0x00000004   Code   RO         1130    .text._sys_flen     retarget_io.o
    0x08003048   0x08003048   0x00000010   Code   RO         1126    .text._sys_istty    retarget_io.o
    0x08003058   0x08003058   0x00000062   Code   RO         1118    .text._sys_open     retarget_io.o
    0x080030ba   0x080030ba   0x00000002   PAD
    0x080030bc   0x080030bc   0x00000006   Code   RO         1128    .text._sys_seek     retarget_io.o
    0x080030c2   0x080030c2   0x00000002   PAD
    0x080030c4   0x080030c4   0x0000038a   Code   RO         1122    .text._sys_write    retarget_io.o
    0x0800344e   0x0800344e   0x00000002   PAD
    0x08003450   0x08003450   0x00000020   Code   RO           31    .text.fputc         main.o
    0x08003470   0x08003470   0x00000116   Code   RO           19    .text.lcd_init      i2c-lcd_1.o
    0x08003586   0x08003586   0x00000002   PAD
    0x08003588   0x08003588   0x000000a4   Code   RO           35    .text.main          main.o
    0x0800362c   0x0800362c   0x0000001a   Code   RO         1426    x$fpl$fpinit        fz_wm.l(fpinit.o)
    0x08003646   0x08003646   0x00000010   Data   RO         1104    .rodata.AHBPrescTable  system_stm32f4xx.o
    0x08003656   0x08003656   0x00000008   Data   RO         1105    .rodata.APBPrescTable  system_stm32f4xx.o
    0x0800365e   0x0800365e   0x00000008   Data   RO         1135    .rodata.__stderr_name  retarget_io.o
    0x08003666   0x08003666   0x00000007   Data   RO         1133    .rodata.__stdin_name  retarget_io.o
    0x0800366d   0x0800366d   0x00000008   Data   RO         1134    .rodata.__stdout_name  retarget_io.o
    0x08003675   0x08003675   0x00000003   PAD
    0x08003678   0x08003678   0x00000020   Data   RO          880    .rodata.cst16       stm32f4xx_hal_tim.o
    0x08003698   0x08003698   0x00000020   Data   RO         1512    Region$$Table       anon$$obj.o


    Execution Region RW_IRAM1 (Exec base: 0x20000000, Load base: 0x080036b8, Size: 0x000008c0, Max: 0x0001c000, ABSOLUTE)

    Exec Addr    Load Addr    Size         Type   Attr      Idx    E Section Name        Object

    0x20000000   0x080036b8   0x00000004   Data   RW         1196    .data               c_w.l(stdio_streams.o)
    0x20000004   0x080036bc   0x00000004   Data   RW         1197    .data               c_w.l(stdio_streams.o)
    0x20000008   0x080036c0   0x00000004   Data   RW         1198    .data               c_w.l(stdio_streams.o)
    0x2000000c   0x080036c4   0x00000008   Data   RW          625    .data..L_MergedGlobals  stm32f4xx_hal.o
    0x20000014   0x080036cc   0x00000004   Data   RW         1103    .data.SystemCoreClock  system_stm32f4xx.o
    0x20000018        -       0x00000054   Zero   RW         1193    .bss                c_w.l(stdio_streams.o)
    0x2000006c        -       0x00000054   Zero   RW         1194    .bss                c_w.l(stdio_streams.o)
    0x200000c0        -       0x00000054   Zero   RW         1195    .bss                c_w.l(stdio_streams.o)
    0x20000114        -       0x00000060   Zero   RW         1381    .bss                c_w.l(libspace.o)
    0x20000174        -       0x00000014   Zero   RW           43    .bss..L_MergedGlobals  main.o
    0x20000188        -       0x00000054   Zero   RW           69    .bss.hi2c1          i2c.o
    0x200001dc        -       0x00000054   Zero   RW           70    .bss.hi2c2          i2c.o
    0x20000230        -       0x00000048   Zero   RW           87    .bss.htim1          tim.o
    0x20000278        -       0x00000044   Zero   RW          102    .bss.huart2         usart.o
    0x200002bc        -       0x00000004   Zero   RW          624    .bss.uwTick         stm32f4xx_hal.o
    0x200002c0        -       0x00000200   Zero   RW            2    HEAP                startup_stm32f407xx.o
    0x200004c0        -       0x00000400   Zero   RW            1    STACK               startup_stm32f407xx.o


    Execution Region RW_IRAM2 (Exec base: 0x2001c000, Load base: 0x080036d0, Size: 0x00000000, Max: 0x00004000, ABSOLUTE)

    **** No section assigned to this execution region ****


==============================================================================

Image component sizes


      Code (inc. data)   RO Data    RW Data    ZI Data      Debug   Object Name

       142          0          0          0          0       2171   gpio.o
       278          0          0          0          0       4129   i2c-lcd_1.o
       346          0          0          0        168       5474   i2c.o
       518         12          0          0         20       7091   main.o
      1050          0         23          0          0       5914   retarget_io.o
        64         26        392          0       1536        860   startup_stm32f407xx.o
       204          0          0          8          4       7308   stm32f4xx_hal.o
       200          0          0          0          0      10538   stm32f4xx_hal_cortex.o
       448          0          0          0          0       5271   stm32f4xx_hal_gpio.o
      1518          0          0          0          0      53708   stm32f4xx_hal_i2c.o
        56          0          0          0          0       1469   stm32f4xx_hal_msp.o
      1420          0          0          0          0       7436   stm32f4xx_hal_rcc.o
      2066          4         32          0          0      55049   stm32f4xx_hal_tim.o
       262          0          0          0          0      21254   stm32f4xx_hal_tim_ex.o
       978          0          0          0          0      31731   stm32f4xx_hal_uart.o
        32          0          0          0          0       4472   stm32f4xx_it.o
        18          0         24          4          0       2661   system_stm32f4xx.o
       450          0          0          0         72       8844   tim.o
       166          0          0          0         68       5022   usart.o

    ----------------------------------------------------------------------
     10300         42        506         12       1868     240402   Object Totals
         0          0         32          0          0          0   (incl. Generated)
        84          0          3          0          0          0   (incl. Padding)

    ----------------------------------------------------------------------

      Code (inc. data)   RO Data    RW Data    ZI Data      Debug   Library Member Name

         8          0          0          0          0         68   __main.o
       104          0          0          0          0         84   __printf.o
         0          0          0          0          0          0   __rtentry.o
        12          0          0          0          0          0   __rtentry2.o
         6          0          0          0          0          0   __rtentry4.o
        52          8          0          0          0          0   __scatter.o
        26          0          0          0          0          0   __scatter_copy.o
        28          0          0          0          0          0   __scatter_zi.o
        48          6          0          0          0         96   _printf_char_common.o
        36          4          0          0          0         80   _printf_char_file.o
         6          0          0          0          0          0   _printf_d.o
       120         16          0          0          0         92   _printf_dec.o
       178          0          0          0          0         88   _printf_intcommon.o
         0          0          0          0          0          0   _printf_percent.o
         4          0          0          0          0          0   _printf_percent_end.o
        10          0          0          0          0         68   defsig_exit.o
        50          0          0          0          0         88   defsig_general.o
        80         58          0          0          0         76   defsig_rtmem_inner.o
        14          0          0          0          0         80   defsig_rtmem_outer.o
        52         38          0          0          0         76   defsig_rtred_inner.o
        14          0          0          0          0         80   defsig_rtred_outer.o
        18          0          0          0          0         80   exit.o
        76          0          0          0          0         88   fclose.o
         8          0          0          0          0         68   ferror.o
       240          6          0          0          0        128   fopen.o
       248          6          0          0          0         84   fseek.o
        66          0          0          0          0         76   ftell.o
        94          0          0          0          0         80   h1_alloc.o
        52          0          0          0          0         68   h1_extend.o
        78          0          0          0          0         80   h1_free.o
        14          0          0          0          0         84   h1_init.o
         6          0          0          0          0        152   heapauxi.o
         4          0          0          0          0        136   hguard.o
         0          0          0          0          0          0   indicate_semi.o
       138          0          0          0          0        168   init_alloc.o
       312         46          0          0          0        112   initio.o
         2          0          0          0          0          0   libinit.o
        18          0          0          0          0          0   libinit2.o
         2          0          0          0          0          0   libshutdown.o
         6          0          0          0          0          0   libshutdown2.o
         8          4          0          0         96         68   libspace.o
       240          0          0          0          0        100   lludivv7m.o
         0          0          0          0          0          0   maybetermalloc1.o
        24          4          0          0          0         84   noretval__2printf.o
         8          4          0          0          0         68   rt_errno_addr_intlibspace.o
         8          4          0          0          0         68   rt_heap_descriptor_intlibspace.o
        78          0          0          0          0         80   rt_memclr_w.o
         2          0          0          0          0          0   rtexit.o
        10          0          0          0          0          0   rtexit2.o
        70          0          0          0          0         80   setvbuf.o
       264          6          0          0          0        160   stdio.o
         0          0          0         12        252          0   stdio_streams.o
       124          0          0          0          0         88   strcmpv7em.o
        12          4          0          0          0         68   sys_exit.o
        74          0          0          0          0         80   sys_stackheap_outer.o
        14          0          0          0          0         76   sys_wrch.o
         2          0          0          0          0         68   use_no_semi.o
        26          0          0          0          0        116   fpinit.o

    ----------------------------------------------------------------------
      3202        214          0         12        348       3584   Library Totals
         8          0          0          0          0          0   (incl. Padding)

    ----------------------------------------------------------------------

      Code (inc. data)   RO Data    RW Data    ZI Data      Debug   Library Name

      3168        214          0         12        348       3468   c_w.l
        26          0          0          0          0        116   fz_wm.l

    ----------------------------------------------------------------------
      3202        214          0         12        348       3584   Library Totals

    ----------------------------------------------------------------------

==============================================================================


      Code (inc. data)   RO Data    RW Data    ZI Data      Debug   

     13502        256        506         24       2216     241774   Grand Totals
     13502        256        506         24       2216     241774   ELF Image Totals
     13502        256        506         24          0          0   ROM Totals

==============================================================================

    Total RO  Size (Code + RO Data)                14008 (  13.68kB)
    Total RW  Size (RW Data + ZI Data)              2240 (   2.19kB)
    Total ROM Size (Code + RO Data + RW Data)      14032 (  13.70kB)

==============================================================================

